Component: ARM Compiler 5.06 update 7 (build 960) Tool: armlink [4d3601]

==============================================================================

Section Cross References

    decode.o(.text) refers to decode.o(.data) for TONEMAP
    main.o(.text) refers to _printf_percent.o(.ARM.Collect$$_printf_percent$$00000000) for _printf_percent
    main.o(.text) refers to _printf_f.o(.ARM.Collect$$_printf_percent$$00000003) for _printf_f
    main.o(.text) refers to printf1.o(x$fpl$printf1) for _printf_fp_dec
    main.o(.text) refers to switches.o(.text) for switch_get
    main.o(.text) refers to eeprom.o(.text) for eeprom_erase
    main.o(.text) refers to leds.o(.text) for leds_set
    main.o(.text) refers to lcd.o(.text) for lcd_clear
    main.o(.text) refers to exit.o(.text) for exit
    main.o(.text) refers to adc.o(.text) for adc_read
    main.o(.text) refers to dflt_clz.o(x$fpl$dflt) for __aeabi_i2d
    main.o(.text) refers to dmul.o(x$fpl$dmul) for __aeabi_dmul
    main.o(.text) refers to d2f.o(x$fpl$d2f) for __aeabi_d2f
    main.o(.text) refers to timer.o(.text) for timer_init
    main.o(.text) refers to delay.o(.text) for delay_ms
    main.o(.text) refers to f2d.o(x$fpl$f2d) for __aeabi_f2d
    main.o(.text) refers to noretval__2sprintf.o(.text) for __2sprintf
    main.o(.text) refers to decode.o(.text) for decode
    main.o(.text) refers to main.o(.data) for prev_SW_UP
    main.o(.text) refers to main.o(.bss) for buffer1
    main.o(.data) refers to main.o(.bss) for buffer1
    adc.o(.text) refers to system_lpc407x_8x_177x_8x.o(.data) for PeripheralClock
    comparator.o(.text) refers to comparator.o(.data) for CMP_callback
    delay.o(.text) refers to delay.o(.emb_text) for delay_cycles
    gpio.o(.text) refers to gpio.o(.data) for IRQ_status
    lcd.o(.text) refers to gpio.o(.text) for gpio_set
    lcd.o(.text) refers to delay.o(.text) for delay_us
    lcd.o(.text) refers to lcd.o(.data) for _spi_bus
    leds.o(.text) refers to gpio.o(.text) for gpio_set
    switches.o(.text) refers to gpio.o(.text) for gpio_set_mode
    timer.o(.text) refers to timer.o(.data) for timer_callback
    uart.o(.text) refers to uart.o(.bss) for Fractional_Divider_Array
    uart.o(.text) refers to uart.o(.data) for UART_callback
    startup_lpc407x_8x_177x_8x.o(STACK) refers (Special) to heapauxi.o(.text) for __use_two_region_memory
    startup_lpc407x_8x_177x_8x.o(HEAP) refers (Special) to heapauxi.o(.text) for __use_two_region_memory
    startup_lpc407x_8x_177x_8x.o(RESET) refers (Special) to heapauxi.o(.text) for __use_two_region_memory
    startup_lpc407x_8x_177x_8x.o(RESET) refers to startup_lpc407x_8x_177x_8x.o(STACK) for __initial_sp
    startup_lpc407x_8x_177x_8x.o(RESET) refers to startup_lpc407x_8x_177x_8x.o(.text) for Reset_Handler
    startup_lpc407x_8x_177x_8x.o(RESET) refers to timer.o(.text) for TIMER0_IRQHandler
    startup_lpc407x_8x_177x_8x.o(RESET) refers to uart.o(.text) for UART0_IRQHandler
    startup_lpc407x_8x_177x_8x.o(RESET) refers to gpio.o(.text) for GPIO_IRQHandler
    startup_lpc407x_8x_177x_8x.o(.ARM.__at_0x02FC) refers (Special) to heapauxi.o(.text) for __use_two_region_memory
    startup_lpc407x_8x_177x_8x.o(.text) refers (Special) to heapauxi.o(.text) for __use_two_region_memory
    startup_lpc407x_8x_177x_8x.o(.text) refers to system_lpc407x_8x_177x_8x.o(.text) for SystemInit
    startup_lpc407x_8x_177x_8x.o(.text) refers to __main.o(!!!main) for __main
    startup_lpc407x_8x_177x_8x.o(.text) refers to startup_lpc407x_8x_177x_8x.o(HEAP) for Heap_Mem
    startup_lpc407x_8x_177x_8x.o(.text) refers to startup_lpc407x_8x_177x_8x.o(STACK) for Stack_Mem
    system_lpc407x_8x_177x_8x.o(.text) refers to system_lpc407x_8x_177x_8x.o(.data) for SystemCoreClock
    __2sprintf.o(.text) refers to _printf_char_common.o(.text) for _printf_char_common
    __2sprintf.o(.text) refers to _sputc.o(.text) for _sputc
    noretval__2sprintf.o(.text) refers to _printf_char_common.o(.text) for _printf_char_common
    noretval__2sprintf.o(.text) refers to _sputc.o(.text) for _sputc
    __printf.o(.text) refers to _printf_percent.o(.ARM.Collect$$_printf_percent$$00000000) for _printf_percent
    __printf_flags.o(.text) refers to _printf_percent.o(.ARM.Collect$$_printf_percent$$00000000) for _printf_percent
    __printf_flags.o(.text) refers to __printf_flags.o(.constdata) for .constdata
    __printf_ss.o(.text) refers to _printf_percent.o(.ARM.Collect$$_printf_percent$$00000000) for _printf_percent
    __printf_flags_ss.o(.text) refers to _printf_percent.o(.ARM.Collect$$_printf_percent$$00000000) for _printf_percent
    __printf_flags_ss.o(.text) refers to __printf_flags_ss.o(.constdata) for .constdata
    __printf_wp.o(.text) refers to __printf_wp.o(i._is_digit) for _is_digit
    __printf_wp.o(.text) refers to _printf_percent.o(.ARM.Collect$$_printf_percent$$00000000) for _printf_percent
[...]
    __rtentry2.o(.ARM.Collect$$rtentry$$0000000D) refers to exit.o(.text) for exit
    __rtentry2.o(.ARM.exidx) refers to __rtentry2.o(.ARM.Collect$$rtentry$$00000001) for .ARM.Collect$$rtentry$$00000001
    __rtentry2.o(.ARM.exidx) refers to __rtentry2.o(.ARM.Collect$$rtentry$$00000008) for .ARM.Collect$$rtentry$$00000008
    __rtentry2.o(.ARM.exidx) refers to __rtentry2.o(.ARM.Collect$$rtentry$$0000000A) for .ARM.Collect$$rtentry$$0000000A
    __rtentry2.o(.ARM.exidx) refers to __rtentry2.o(.ARM.Collect$$rtentry$$0000000B) for .ARM.Collect$$rtentry$$0000000B
    __rtentry2.o(.ARM.exidx) refers to __rtentry2.o(.ARM.Collect$$rtentry$$0000000D) for .ARM.Collect$$rtentry$$0000000D
    __rtentry4.o(.ARM.Collect$$rtentry$$00000004) refers to sys_stackheap_outer.o(.text) for __user_setup_stackheap
    __rtentry4.o(.ARM.exidx) refers to __rtentry4.o(.ARM.Collect$$rtentry$$00000004) for .ARM.Collect$$rtentry$$00000004
    rtexit2.o(.ARM.Collect$$rtexit$$00000003) refers to libshutdown.o(.ARM.Collect$$libshutdown$$00000000) for __rt_lib_shutdown
    rtexit2.o(.ARM.Collect$$rtexit$$00000004) refers to sys_exit.o(.text) for _sys_exit
    rtexit2.o(.ARM.exidx) refers to rtexit2.o(.ARM.Collect$$rtexit$$00000001) for .ARM.Collect$$rtexit$$00000001
    rtexit2.o(.ARM.exidx) refers to rtexit2.o(.ARM.Collect$$rtexit$$00000003) for .ARM.Collect$$rtexit$$00000003
    rtexit2.o(.ARM.exidx) refers to rtexit2.o(.ARM.Collect$$rtexit$$00000004) for .ARM.Collect$$rtexit$$00000004
    rt_locale.o(.text) refers to rt_locale.o(.bss) for __rt_locale_data
    rt_locale_intlibspace.o(.text) refers to libspace.o(.bss) for __libspace_start
    bigflt0.o(.text) refers (Special) to usenofp.o(x$fpl$usenofp) for __I$use$fp
    bigflt0.o(.text) refers to btod.o(CL$$btod_emul) for _btod_emul
    bigflt0.o(.text) refers to btod.o(CL$$btod_ediv) for _btod_ediv
    bigflt0.o(.text) refers to bigflt0.o(.constdata) for .constdata
    bigflt0.o(.constdata) refers (Special) to usenofp.o(x$fpl$usenofp) for __I$use$fp
    btod.o(CL$$btod_d2e) refers (Special) to usenofp.o(x$fpl$usenofp) for __I$use$fp
    btod.o(CL$$btod_d2e) refers to btod.o(CL$$btod_d2e_norm_op1) for _d2e_norm_op1
    btod.o(CL$$btod_d2e_norm_op1) refers (Special) to usenofp.o(x$fpl$usenofp) for __I$use$fp
    btod.o(CL$$btod_d2e_norm_op1) refers to btod.o(CL$$btod_d2e_denorm_low) for _d2e_denorm_low
    btod.o(CL$$btod_d2e_denorm_low) refers (Special) to usenofp.o(x$fpl$usenofp) for __I$use$fp
    btod.o(CL$$btod_emul) refers (Special) to usenofp.o(x$fpl$usenofp) for __I$use$fp
    btod.o(CL$$btod_emul) refers to btod.o(CL$$btod_mult_common) for __btod_mult_common
    btod.o(CL$$btod_emul) refers to btod.o(CL$$btod_e2e) for _e2e
    btod.o(CL$$btod_ediv) refers (Special) to usenofp.o(x$fpl$usenofp) for __I$use$fp
    btod.o(CL$$btod_ediv) refers to btod.o(CL$$btod_div_common) for __btod_div_common
    btod.o(CL$$btod_ediv) refers to btod.o(CL$$btod_e2e) for _e2e
    btod.o(CL$$btod_emuld) refers (Special) to usenofp.o(x$fpl$usenofp) for __I$use$fp
    btod.o(CL$$btod_emuld) refers to btod.o(CL$$btod_mult_common) for __btod_mult_common
    btod.o(CL$$btod_emuld) refers to btod.o(CL$$btod_e2d) for _e2d
    btod.o(CL$$btod_edivd) refers (Special) to usenofp.o(x$fpl$usenofp) for __I$use$fp
    btod.o(CL$$btod_edivd) refers to btod.o(CL$$btod_div_common) for __btod_div_common
    btod.o(CL$$btod_edivd) refers to btod.o(CL$$btod_e2d) for _e2d
    btod.o(CL$$btod_e2e) refers (Special) to usenofp.o(x$fpl$usenofp) for __I$use$fp
    btod.o(CL$$btod_e2d) refers (Special) to usenofp.o(x$fpl$usenofp) for __I$use$fp
    btod.o(CL$$btod_e2d) refers to btod.o(CL$$btod_e2e) for _e2e
    btod.o(CL$$btod_mult_common) refers (Special) to usenofp.o(x$fpl$usenofp) for __I$use$fp
    btod.o(CL$$btod_div_common) refers (Special) to usenofp.o(x$fpl$usenofp) for __I$use$fp
    lc_numeric_c.o(locale$$data) refers (Special) to libinit2.o(.ARM.Collect$$libinit$$00000016) for __rt_lib_init_lc_numeric_2
    lc_numeric_c.o(locale$$code) refers (Special) to libinit2.o(.ARM.Collect$$libinit$$00000016) for __rt_lib_init_lc_numeric_2
    lc_numeric_c.o(locale$$code) refers to strcmpv7m.o(.text) for strcmp
    lc_numeric_c.o(locale$$code) refers to lc_numeric_c.o(locale$$data) for __lcnum_c_name
    istatus.o(x$fpl$ieeestatus) refers (Special) to usenofp.o(x$fpl$usenofp) for __I$use$fp
    fpclassify.o(i.__ARM_fpclassify) refers (Special) to usenofp.o(x$fpl$usenofp) for __I$use$fp
    sys_exit.o(.text) refers (Special) to use_no_semi.o(.text) for __I$use$semihosting
    sys_exit.o(.text) refers (Special) to indicate_semi.o(.text) for __semihosting_library_function
    libspace.o(.text) refers to libspace.o(.bss) for __libspace_start
    sys_stackheap_outer.o(.text) refers to libspace.o(.text) for __user_perproc_libspace
    sys_stackheap_outer.o(.text) refers to startup_lpc407x_8x_177x_8x.o(.text) for __user_initial_stackheap
    libinit.o(.ARM.Collect$$libinit$$00000000) refers (Special) to libinit2.o(.ARM.Collect$$libinit$$0000002E) for __rt_lib_init_alloca_1
    libinit.o(.ARM.Collect$$libinit$$00000000) refers (Special) to libinit2.o(.ARM.Collect$$libinit$$0000002C) for __rt_lib_init_argv_1
    libinit.o(.ARM.Collect$$libinit$$00000000) refers (Special) to libinit2.o(.ARM.Collect$$libinit$$0000001B) for __rt_lib_init_atexit_1
    libinit.o(.ARM.Collect$$libinit$$00000000) refers (Special) to libinit2.o(.ARM.Collect$$libinit$$00000021) for __rt_lib_init_clock_1
    libinit.o(.ARM.Collect$$libinit$$00000000) refers (Special) to libinit2.o(.ARM.Collect$$libinit$$00000032) for __rt_lib_init_cpp_1
    libinit.o(.ARM.Collect$$libinit$$00000000) refers (Special) to libinit2.o(.ARM.Collect$$libinit$$00000030) for __rt_lib_init_exceptions_1
    libinit.o(.ARM.Collect$$libinit$$00000000) refers (Special) to libinit2.o(.ARM.Collect$$libinit$$00000001) for __rt_lib_init_fp_1
    libinit.o(.ARM.Collect$$libinit$$00000000) refers (Special) to libinit2.o(.ARM.Collect$$libinit$$0000001F) for __rt_lib_init_fp_trap_1
    libinit.o(.ARM.Collect$$libinit$$00000000) refers (Special) to libinit2.o(.ARM.Collect$$libinit$$00000023) for __rt_lib_init_getenv_1
    libinit.o(.ARM.Collect$$libinit$$00000000) refers (Special) to libinit2.o(.ARM.Collect$$libinit$$0000000A) for __rt_lib_init_heap_1
    libinit.o(.ARM.Collect$$libinit$$00000000) refers (Special) to libinit2.o(.ARM.Collect$$libinit$$00000011) for __rt_lib_init_lc_collate_1
    libinit.o(.ARM.Collect$$libinit$$00000000) refers (Special) to libinit2.o(.ARM.Collect$$libinit$$00000013) for __rt_lib_init_lc_ctype_1
    libinit.o(.ARM.Collect$$libinit$$00000000) refers (Special) to libinit2.o(.ARM.Collect$$libinit$$00000015) for __rt_lib_init_lc_monetary_1
    libinit.o(.ARM.Collect$$libinit$$00000000) refers (Special) to libinit2.o(.ARM.Collect$$libinit$$00000017) for __rt_lib_init_lc_numeric_1
    libinit.o(.ARM.Collect$$libinit$$00000000) refers (Special) to libinit2.o(.ARM.Collect$$libinit$$00000019) for __rt_lib_init_lc_time_1
    libinit.o(.ARM.Collect$$libinit$$00000000) refers (Special) to libinit2.o(.ARM.Collect$$libinit$$00000004) for __rt_lib_init_preinit_1
    libinit.o(.ARM.Collect$$libinit$$00000000) refers (Special) to libinit2.o(.ARM.Collect$$libinit$$0000000E) for __rt_lib_init_rand_1
    libinit.o(.ARM.Collect$$libinit$$00000000) refers (Special) to libinit2.o(.ARM.Collect$$libinit$$00000033) for __rt_lib_init_return
    libinit.o(.ARM.Collect$$libinit$$00000000) refers (Special) to libinit2.o(.ARM.Collect$$libinit$$0000001D) for __rt_lib_init_signal_1
    libinit.o(.ARM.Collect$$libinit$$00000000) refers (Special) to libinit2.o(.ARM.Collect$$libinit$$00000025) for __rt_lib_init_stdio_1
    libinit.o(.ARM.Collect$$libinit$$00000000) refers (Special) to libinit2.o(.ARM.Collect$$libinit$$0000000C) for __rt_lib_init_user_alloc_1
    libinit2.o(.ARM.Collect$$libinit$$00000001) refers to fpinit.o(x$fpl$fpinit) for _fp_init
    libinit2.o(.ARM.Collect$$libinit$$0000000F) refers (Weak) to rt_locale_intlibspace.o(.text) for __rt_locale
    libinit2.o(.ARM.Collect$$libinit$$00000010) refers to libinit2.o(.ARM.Collect$$libinit$$0000000F) for .ARM.Collect$$libinit$$0000000F
    libinit2.o(.ARM.Collect$$libinit$$00000012) refers to libinit2.o(.ARM.Collect$$libinit$$0000000F) for .ARM.Collect$$libinit$$0000000F
    libinit2.o(.ARM.Collect$$libinit$$00000014) refers to libinit2.o(.ARM.Collect$$libinit$$0000000F) for .ARM.Collect$$libinit$$0000000F
    libinit2.o(.ARM.Collect$$libinit$$00000016) refers to libinit2.o(.ARM.Collect$$libinit$$0000000F) for .ARM.Collect$$libinit$$0000000F
    libinit2.o(.ARM.Collect$$libinit$$00000016) refers (Weak) to lc_numeric_c.o(locale$$code) for _get_lc_numeric
    libinit2.o(.ARM.Collect$$libinit$$00000018) refers to libinit2.o(.ARM.Collect$$libinit$$0000000F) for .ARM.Collect$$libinit$$0000000F
    libinit2.o(.ARM.Collect$$libinit$$00000026) refers to argv_veneer.o(.emb_text) for __ARM_argv_veneer
    libinit2.o(.ARM.Collect$$libinit$$00000027) refers to argv_veneer.o(.emb_text) for __ARM_argv_veneer
    libshutdown.o(.ARM.Collect$$libshutdown$$00000000) refers (Special) to libshutdown2.o(.ARM.Collect$$libshutdown$$00000004) for __rt_lib_shutdown_cpp_1
    libshutdown.o(.ARM.Collect$$libshutdown$$00000000) refers (Special) to libshutdown2.o(.ARM.Collect$$libshutdown$$00000002) for __rt_lib_shutdown_fini_1
    libshutdown.o(.ARM.Collect$$libshutdown$$00000000) refers (Special) to libshutdown2.o(.ARM.Collect$$libshutdown$$00000009) for __rt_lib_shutdown_fp_trap_1
    libshutdown.o(.ARM.Collect$$libshutdown$$00000000) refers (Special) to libshutdown2.o(.ARM.Collect$$libshutdown$$00000011) for __rt_lib_shutdown_heap_1
    libshutdown.o(.ARM.Collect$$libshutdown$$00000000) refers (Special) to libshutdown2.o(.ARM.Collect$$libshutdown$$00000012) for __rt_lib_shutdown_return
    libshutdown.o(.ARM.Collect$$libshutdown$$00000000) refers (Special) to libshutdown2.o(.ARM.Collect$$libshutdown$$0000000C) for __rt_lib_shutdown_signal_1
    libshutdown.o(.ARM.Collect$$libshutdown$$00000000) refers (Special) to libshutdown2.o(.ARM.Collect$$libshutdown$$00000006) for __rt_lib_shutdown_stdio_1
    libshutdown.o(.ARM.Collect$$libshutdown$$00000000) refers (Special) to libshutdown2.o(.ARM.Collect$$libshutdown$$0000000E) for __rt_lib_shutdown_user_alloc_1
    argv_veneer.o(.emb_text) refers to no_argv.o(.text) for __ARM_get_argv
    _get_argv_nomalloc.o(.text) refers (Special) to hrguard.o(.text) for __heap_region$guard
    _get_argv_nomalloc.o(.text) refers to defsig_rtmem_outer.o(.text) for __rt_SIGRTMEM
    _get_argv_nomalloc.o(.text) refers to sys_command.o(.text) for _sys_command_string
    sys_command.o(.text) refers (Special) to use_no_semi.o(.text) for __I$use$semihosting
    sys_command.o(.text) refers (Special) to indicate_semi.o(.text) for __semihosting_library_function
    defsig_rtmem_outer.o(.text) refers to defsig_rtmem_inner.o(.text) for __rt_SIGRTMEM_inner
    defsig_rtmem_outer.o(.text) refers to defsig_exit.o(.text) for __sig_exit
    defsig_rtmem_formal.o(.text) refers to rt_raise.o(.text) for __rt_raise
    rt_raise.o(.text) refers to __raise.o(.text) for __raise
    rt_raise.o(.text) refers to sys_exit.o(.text) for _sys_exit
    defsig_exit.o(.text) refers to sys_exit.o(.text) for _sys_exit
    defsig_rtmem_inner.o(.text) refers to defsig_general.o(.text) for __default_signal_display
    __raise.o(.text) refers to defsig.o(CL$$defsig) for __default_signal_handler
    defsig_general.o(.text) refers to sys_wrch.o(.text) for _ttywrch
    sys_wrch.o(.text) refers (Special) to use_no_semi.o(.text) for __I$use$semihosting
    sys_wrch.o(.text) refers (Special) to indicate_semi.o(.text) for __semihosting_library_function
    defsig.o(CL$$defsig) refers to defsig_rtmem_inner.o(.text) for __rt_SIGRTMEM_inner
    defsig_abrt_inner.o(.text) refers to defsig_general.o(.text) for __default_signal_display
    defsig_fpe_inner.o(.text) refers to defsig_general.o(.text) for __default_signal_display
    defsig_rtred_inner.o(.text) refers to defsig_general.o(.text) for __default_signal_display
    defsig_stak_inner.o(.text) refers to defsig_general.o(.text) for __default_signal_display
    defsig_pvfn_inner.o(.text) refers to defsig_general.o(.text) for __default_signal_display
    defsig_cppl_inner.o(.text) refers to defsig_general.o(.text) for __default_signal_display
    defsig_segv_inner.o(.text) refers to defsig_general.o(.text) for __default_signal_display
    defsig_other.o(.text) refers to defsig_general.o(.text) for __default_signal_display


==============================================================================

Removing Unused input sections from the image.

    Removing eeprom.o(.rev16_text), (4 bytes).
    Removing eeprom.o(.revsh_text), (4 bytes).
    Removing eeprom.o(.rrx_text), (6 bytes).
    Removing main.o(.rev16_text), (4 bytes).
    Removing main.o(.revsh_text), (4 bytes).
    Removing main.o(.rrx_text), (6 bytes).
    Removing adc.o(.rev16_text), (4 bytes).
    Removing adc.o(.revsh_text), (4 bytes).
    Removing adc.o(.rrx_text), (6 bytes).
    Removing comparator.o(.rev16_text), (4 bytes).
    Removing comparator.o(.revsh_text), (4 bytes).
    Removing comparator.o(.rrx_text), (6 bytes).
    Removing comparator.o(.text), (560 bytes).
    Removing comparator.o(.data), (4 bytes).
    Removing dac.o(.rev16_text), (4 bytes).
    Removing dac.o(.revsh_text), (4 bytes).
    Removing dac.o(.rrx_text), (6 bytes).
    Removing dac.o(.text), (36 bytes).
    Removing delay.o(.rev16_text), (4 bytes).
    Removing delay.o(.revsh_text), (4 bytes).
    Removing delay.o(.rrx_text), (6 bytes).
    Removing gpio.o(.rev16_text), (4 bytes).
    Removing gpio.o(.revsh_text), (4 bytes).
    Removing gpio.o(.rrx_text), (6 bytes).
    Removing i2c.o(.rev16_text), (4 bytes).
    Removing i2c.o(.revsh_text), (4 bytes).
    Removing i2c.o(.rrx_text), (6 bytes).
    Removing i2c.o(.text), (708 bytes).
    Removing lcd.o(.rev16_text), (4 bytes).
    Removing lcd.o(.revsh_text), (4 bytes).
    Removing lcd.o(.rrx_text), (6 bytes).
    Removing leds.o(.rev16_text), (4 bytes).
    Removing leds.o(.revsh_text), (4 bytes).
    Removing leds.o(.rrx_text), (6 bytes).
    Removing switches.o(.rev16_text), (4 bytes).
    Removing switches.o(.revsh_text), (4 bytes).
    Removing switches.o(.rrx_text), (6 bytes).
    Removing timer.o(.rev16_text), (4 bytes).
    Removing timer.o(.revsh_text), (4 bytes).
    Removing timer.o(.rrx_text), (6 bytes).
    Removing uart.o(.rev16_text), (4 bytes).
    Removing uart.o(.revsh_text), (4 bytes).
    Removing uart.o(.rrx_text), (6 bytes).
    Removing system_lpc407x_8x_177x_8x.o(.rev16_text), (4 bytes).
    Removing system_lpc407x_8x_177x_8x.o(.revsh_text), (4 bytes).
    Removing system_lpc407x_8x_177x_8x.o(.rrx_text), (6 bytes).

46 unused section(s) (total 1504 bytes) removed from the image.

==============================================================================

Image Symbol Table

    Local Symbols

    Symbol Name                              Value     Ov Type        Size  Object(Section)

    RESET                                    0x00000000   Section      228  startup_lpc407x_8x_177x_8x.o(RESET)
    ../clib/angel/boardlib.s                 0x00000000   Number         0  boardinit2.o ABSOLUTE
    ../clib/angel/boardlib.s                 0x00000000   Number         0  boardinit3.o ABSOLUTE
    ../clib/angel/boardlib.s                 0x00000000   Number         0  boardinit1.o ABSOLUTE
    ../clib/angel/boardlib.s                 0x00000000   Number         0  boardshut.o ABSOLUTE
    ../clib/angel/handlers.s                 0x00000000   Number         0  __scatter_copy.o ABSOLUTE
    ../clib/angel/handlers.s                 0x00000000   Number         0  __scatter_zi.o ABSOLUTE
    ../clib/angel/kernel.s                   0x00000000   Number         0  rtexit.o ABSOLUTE
    ../clib/angel/kernel.s                   0x00000000   Number         0  __rtentry.o ABSOLUTE
    ../clib/angel/kernel.s                   0x00000000   Number         0  rtexit2.o ABSOLUTE
    ../clib/angel/kernel.s                   0x00000000   Number         0  __rtentry4.o ABSOLUTE
    ../clib/angel/kernel.s                   0x00000000   Number         0  __rtentry2.o ABSOLUTE
    ../clib/angel/rt.s                       0x00000000   Number         0  rt_locale.o ABSOLUTE
    ../clib/angel/rt.s                       0x00000000   Number         0  rt_locale_intlibspace.o ABSOLUTE
    ../clib/angel/rt.s                       0x00000000   Number         0  rt_raise.o ABSOLUTE
    ../clib/angel/scatter.s                  0x00000000   Number         0  __scatter.o ABSOLUTE
    ../clib/angel/startup.s                  0x00000000   Number         0  __main.o ABSOLUTE
    ../clib/angel/sys.s                      0x00000000   Number         0  indicate_semi.o ABSOLUTE
    ../clib/angel/sys.s                      0x00000000   Number         0  use_no_semi.o ABSOLUTE
    ../clib/angel/sys.s                      0x00000000   Number         0  sys_stackheap_outer.o ABSOLUTE
    ../clib/angel/sys.s                      0x00000000   Number         0  libspace.o ABSOLUTE
    ../clib/angel/sysapp.c                   0x00000000   Number         0  sys_command.o ABSOLUTE
    ../clib/angel/sysapp.c                   0x00000000   Number         0  sys_exit.o ABSOLUTE
    ../clib/angel/sysapp.c                   0x00000000   Number         0  sys_wrch.o ABSOLUTE
    ../clib/armsys.c                         0x00000000   Number         0  argv_veneer.o ABSOLUTE
    ../clib/armsys.c                         0x00000000   Number         0  argv_veneer.o ABSOLUTE
    ../clib/armsys.c                         0x00000000   Number         0  no_argv.o ABSOLUTE
    ../clib/armsys.c                         0x00000000   Number         0  _get_argv_nomalloc.o ABSOLUTE
    ../clib/bigflt.c                         0x00000000   Number         0  bigflt0.o ABSOLUTE
    ../clib/btod.s                           0x00000000   Number         0  btod.o ABSOLUTE
    ../clib/heapalloc.c                      0x00000000   Number         0  hrguard.o ABSOLUTE
    ../clib/heapaux.c                        0x00000000   Number         0  heapauxi.o ABSOLUTE
    ../clib/libinit.s                        0x00000000   Number         0  libshutdown2.o ABSOLUTE
    ../clib/libinit.s                        0x00000000   Number         0  libshutdown.o ABSOLUTE
    ../clib/libinit.s                        0x00000000   Number         0  libinit.o ABSOLUTE
    ../clib/libinit.s                        0x00000000   Number         0  libinit2.o ABSOLUTE
    ../clib/locale.s                         0x00000000   Number         0  lc_numeric_c.o ABSOLUTE
    ../clib/longlong.s                       0x00000000   Number         0  lludiv10.o ABSOLUTE
    ../clib/memcpset.s                       0x00000000   Number         0  strcmpv7m.o ABSOLUTE
    ../clib/misc.s                           0x00000000   Number         0  printf_stubs.o ABSOLUTE
    ../clib/printf.c                         0x00000000   Number         0  __printf_nopercent.o ABSOLUTE
    ../clib/printf.c                         0x00000000   Number         0  _printf_fp_infnan.o ABSOLUTE
    ../clib/printf.c                         0x00000000   Number         0  __printf_flags_ss_wp.o ABSOLUTE
    ../clib/printf.c                         0x00000000   Number         0  __printf_ss_wp.o ABSOLUTE
    ../clib/printf.c                         0x00000000   Number         0  _printf_char_common.o ABSOLUTE
    ../clib/printf.c                         0x00000000   Number         0  __printf_wp.o ABSOLUTE
    ../clib/printf.c                         0x00000000   Number         0  __2sprintf.o ABSOLUTE
    ../clib/printf.c                         0x00000000   Number         0  __printf_flags_wp.o ABSOLUTE
    ../clib/printf.c                         0x00000000   Number         0  noretval__2sprintf.o ABSOLUTE
    ../clib/printf.c                         0x00000000   Number         0  __printf.o ABSOLUTE
    ../clib/printf.c                         0x00000000   Number         0  __printf_flags.o ABSOLUTE
    ../clib/printf.c                         0x00000000   Number         0  __printf_ss.o ABSOLUTE
    ../clib/printf.c                         0x00000000   Number         0  _printf_fp_dec.o ABSOLUTE
    ../clib/printf.c                         0x00000000   Number         0  __printf_flags_ss.o ABSOLUTE
    ../clib/printf.c                         0x00000000   Number         0  _sputc.o ABSOLUTE
    ../clib/printf_percent.s                 0x00000000   Number         0  _printf_f.o ABSOLUTE
    ../clib/printf_percent.s                 0x00000000   Number         0  _printf_percent_end.o ABSOLUTE
    ../clib/printf_percent.s                 0x00000000   Number         0  _printf_percent.o ABSOLUTE
    ../clib/signal.c                         0x00000000   Number         0  defsig_fpe_inner.o ABSOLUTE
    ../clib/signal.c                         0x00000000   Number         0  defsig_abrt_inner.o ABSOLUTE
    ../clib/signal.c                         0x00000000   Number         0  defsig_cppl_inner.o ABSOLUTE
    ../clib/signal.c                         0x00000000   Number         0  defsig_general.o ABSOLUTE
    ../clib/signal.c                         0x00000000   Number         0  __raise.o ABSOLUTE
    ../clib/signal.c                         0x00000000   Number         0  defsig_rtmem_inner.o ABSOLUTE
    ../clib/signal.c                         0x00000000   Number         0  defsig_exit.o ABSOLUTE
    ../clib/signal.c                         0x00000000   Number         0  defsig_rtmem_formal.o ABSOLUTE
    ../clib/signal.c                         0x00000000   Number         0  defsig_rtmem_outer.o ABSOLUTE
    ../clib/signal.c                         0x00000000   Number         0  defsig_other.o ABSOLUTE
    ../clib/signal.c                         0x00000000   Number         0  defsig_segv_inner.o ABSOLUTE
    ../clib/signal.c                         0x00000000   Number         0  defsig_pvfn_inner.o ABSOLUTE
    ../clib/signal.c                         0x00000000   Number         0  defsig_stak_inner.o ABSOLUTE
    ../clib/signal.c                         0x00000000   Number         0  defsig_rtred_inner.o ABSOLUTE
    ../clib/signal.s                         0x00000000   Number         0  defsig.o ABSOLUTE
    ../clib/stdlib.c                         0x00000000   Number         0  exit.o ABSOLUTE
    ../fplib/d2f.s                           0x00000000   Number         0  d2f.o ABSOLUTE
    ../fplib/dflt.s                          0x00000000   Number         0  dflt_clz.o ABSOLUTE
    ../fplib/dmul.s                          0x00000000   Number         0  dmul.o ABSOLUTE
    ../fplib/dnaninf.s                       0x00000000   Number         0  dnaninf.o ABSOLUTE
    ../fplib/dretinf.s                       0x00000000   Number         0  dretinf.o ABSOLUTE
    ../fplib/f2d.s                           0x00000000   Number         0  f2d.o ABSOLUTE
    ../fplib/fnaninf.s                       0x00000000   Number         0  fnaninf.o ABSOLUTE
    ../fplib/fpinit.s                        0x00000000   Number         0  fpinit.o ABSOLUTE
    ../fplib/fretinf.s                       0x00000000   Number         0  fretinf.o ABSOLUTE
    ../fplib/istatus.s                       0x00000000   Number         0  istatus.o ABSOLUTE
    ../fplib/printf1.s                       0x00000000   Number         0  printf1.o ABSOLUTE
    ../fplib/usenofp.s                       0x00000000   Number         0  usenofp.o ABSOLUTE
    ../mathlib/fpclassify.c                  0x00000000   Number         0  fpclassify.o ABSOLUTE
    RTE/Device/LPC4088FET208/startup_LPC407x_8x_177x_8x.s 0x00000000   Number         0  startup_lpc407x_8x_177x_8x.o ABSOLUTE
    RTE/Device/LPC4088FET208/system_LPC407x_8x_177x_8x.c 0x00000000   Number         0  system_lpc407x_8x_177x_8x.o ABSOLUTE
    RTE\Device\LPC4088FET208\system_LPC407x_8x_177x_8x.c 0x00000000   Number         0  system_lpc407x_8x_177x_8x.o ABSOLUTE
    dc.s                                     0x00000000   Number         0  dc.o ABSOLUTE
    drivers\\adc.c                           0x00000000   Number         0  adc.o ABSOLUTE
    drivers\\comparator.c                    0x00000000   Number         0  comparator.o ABSOLUTE
    drivers\\dac.c                           0x00000000   Number         0  dac.o ABSOLUTE
    drivers\\delay.c                         0x00000000   Number         0  delay.o ABSOLUTE
    drivers\\gpio.c                          0x00000000   Number         0  gpio.o ABSOLUTE
    drivers\\i2c.c                           0x00000000   Number         0  i2c.o ABSOLUTE
    drivers\\lcd.c                           0x00000000   Number         0  lcd.o ABSOLUTE
    drivers\\leds.c                          0x00000000   Number         0  leds.o ABSOLUTE
    drivers\\switches.c                      0x00000000   Number         0  switches.o ABSOLUTE
    drivers\\timer.c                         0x00000000   Number         0  timer.o ABSOLUTE
    drivers\\uart.c                          0x00000000   Number         0  uart.o ABSOLUTE
    drivers\adc.c                            0x00000000   Number         0  adc.o ABSOLUTE
    drivers\comparator.c                     0x00000000   Number         0  comparator.o ABSOLUTE
    drivers\dac.c                            0x00000000   Number         0  dac.o ABSOLUTE
    drivers\delay.c                          0x00000000   Number         0  delay.o ABSOLUTE
    drivers\gpio.c                           0x00000000   Number         0  gpio.o ABSOLUTE
    drivers\i2c.c                            0x00000000   Number         0  i2c.o ABSOLUTE
    drivers\lcd.c                            0x00000000   Number         0  lcd.o ABSOLUTE
    drivers\leds.c                           0x00000000   Number         0  leds.o ABSOLUTE
    drivers\switches.c                       0x00000000   Number         0  switches.o ABSOLUTE
    drivers\timer.c                          0x00000000   Number         0  timer.o ABSOLUTE
    drivers\uart.c                           0x00000000   Number         0  uart.o ABSOLUTE
    src\\eeprom.c                            0x00000000   Number         0  eeprom.o ABSOLUTE
    src\\main.c                              0x00000000   Number         0  main.o ABSOLUTE
    src\decode.c                             0x00000000   Number         0  decode.o ABSOLUTE
    src\eeprom.c                             0x00000000   Number         0  eeprom.o ABSOLUTE
    src\main.c                               0x00000000   Number         0  main.o ABSOLUTE
    !!!main                                  0x000000e4   Section        8  __main.o(!!!main)
    !!!scatter                               0x000000ec   Section       52  __scatter.o(!!!scatter)
    !!handler_copy                           0x00000120   Section       26  __scatter_copy.o(!!handler_copy)
    !!handler_zi                             0x0000013c   Section       28  __scatter_zi.o(!!handler_zi)
    .ARM.Collect$$_printf_percent$$00000000  0x00000158   Section        0  _printf_percent.o(.ARM.Collect$$_printf_percent$$00000000)
    .ARM.Collect$$_printf_percent$$00000003  0x00000158   Section        6  _printf_f.o(.ARM.Collect$$_printf_percent$$00000003)
    .ARM.Collect$$_printf_percent$$00000017  0x0000015e   Section        4  _printf_percent_end.o(.ARM.Collect$$_printf_percent$$00000017)
    .ARM.Collect$$libinit$$00000000          0x00000162   Section        2  libinit.o(.ARM.Collect$$libinit$$00000000)
    .ARM.Collect$$libinit$$00000001          0x00000164   Section        4  libinit2.o(.ARM.Collect$$libinit$$00000001)
    .ARM.Collect$$libinit$$00000004          0x00000168   Section        0  libinit2.o(.ARM.Collect$$libinit$$00000004)
    .ARM.Collect$$libinit$$0000000A          0x00000168   Section        0  libinit2.o(.ARM.Collect$$libinit$$0000000A)
    .ARM.Collect$$libinit$$0000000C          0x00000168   Section        0  libinit2.o(.ARM.Collect$$libinit$$0000000C)
    .ARM.Collect$$libinit$$0000000E          0x00000168   Section        0  libinit2.o(.ARM.Collect$$libinit$$0000000E)
    .ARM.Collect$$libinit$$0000000F          0x00000168   Section        6  libinit2.o(.ARM.Collect$$libinit$$0000000F)
    .ARM.Collect$$libinit$$00000011          0x0000016e   Section        0  libinit2.o(.ARM.Collect$$libinit$$00000011)
    .ARM.Collect$$libinit$$00000013          0x0000016e   Section        0  libinit2.o(.ARM.Collect$$libinit$$00000013)
    .ARM.Collect$$libinit$$00000015          0x0000016e   Section        0  libinit2.o(.ARM.Collect$$libinit$$00000015)
    .ARM.Collect$$libinit$$00000016          0x0000016e   Section       10  libinit2.o(.ARM.Collect$$libinit$$00000016)
    .ARM.Collect$$libinit$$00000017          0x00000178   Section        0  libinit2.o(.ARM.Collect$$libinit$$00000017)
    .ARM.Collect$$libinit$$00000019          0x00000178   Section        0  libinit2.o(.ARM.Collect$$libinit$$00000019)
    .ARM.Collect$$libinit$$0000001B          0x00000178   Section        0  libinit2.o(.ARM.Collect$$libinit$$0000001B)
    .ARM.Collect$$libinit$$0000001D          0x00000178   Section        0  libinit2.o(.ARM.Collect$$libinit$$0000001D)
    .ARM.Collect$$libinit$$0000001F          0x00000178   Section        0  libinit2.o(.ARM.Collect$$libinit$$0000001F)
    .ARM.Collect$$libinit$$00000021          0x00000178   Section        0  libinit2.o(.ARM.Collect$$libinit$$00000021)
    .ARM.Collect$$libinit$$00000023          0x00000178   Section        0  libinit2.o(.ARM.Collect$$libinit$$00000023)
    .ARM.Collect$$libinit$$00000025          0x00000178   Section        0  libinit2.o(.ARM.Collect$$libinit$$00000025)
    .ARM.Collect$$libinit$$0000002C          0x00000178   Section        0  libinit2.o(.ARM.Collect$$libinit$$0000002C)
    .ARM.Collect$$libinit$$0000002E          0x00000178   Section        0  libinit2.o(.ARM.Collect$$libinit$$0000002E)
    .ARM.Collect$$libinit$$00000030          0x00000178   Section        0  libinit2.o(.ARM.Collect$$libinit$$00000030)
    .ARM.Collect$$libinit$$00000032          0x00000178   Section        0  libinit2.o(.ARM.Collect$$libinit$$00000032)
    .ARM.Collect$$libinit$$00000033          0x00000178   Section        2  libinit2.o(.ARM.Collect$$libinit$$00000033)
    .ARM.Collect$$libshutdown$$00000000      0x0000017a   Section        2  libshutdown.o(.ARM.Collect$$libshutdown$$00000000)
    .ARM.Collect$$libshutdown$$00000002      0x0000017c   Section        0  libshutdown2.o(.ARM.Collect$$libshutdown$$00000002)
    .ARM.Collect$$libshutdown$$00000004      0x0000017c   Section        0  libshutdown2.o(.ARM.Collect$$libshutdown$$00000004)
    .ARM.Collect$$libshutdown$$00000006      0x0000017c   Section        0  libshutdown2.o(.ARM.Collect$$libshutdown$$00000006)
    .ARM.Collect$$libshutdown$$00000009      0x0000017c   Section        0  libshutdown2.o(.ARM.Collect$$libshutdown$$00000009)
    .ARM.Collect$$libshutdown$$0000000C      0x0000017c   Section        0  libshutdown2.o(.ARM.Collect$$libshutdown$$0000000C)
    .ARM.Collect$$libshutdown$$0000000E      0x0000017c   Section        0  libshutdown2.o(.ARM.Collect$$libshutdown$$0000000E)
    .ARM.Collect$$libshutdown$$00000011      0x0000017c   Section        0  libshutdown2.o(.ARM.Collect$$libshutdown$$00000011)
    .ARM.Collect$$libshutdown$$00000012      0x0000017c   Section        2  libshutdown2.o(.ARM.Collect$$libshutdown$$00000012)
    .ARM.Collect$$rtentry$$00000000          0x0000017e   Section        0  __rtentry.o(.ARM.Collect$$rtentry$$00000000)
    .ARM.Collect$$rtentry$$00000002          0x0000017e   Section        0  __rtentry2.o(.ARM.Collect$$rtentry$$00000002)
    .ARM.Collect$$rtentry$$00000004          0x0000017e   Section        6  __rtentry4.o(.ARM.Collect$$rtentry$$00000004)
    .ARM.Collect$$rtentry$$00000009          0x00000184   Section        0  __rtentry2.o(.ARM.Collect$$rtentry$$00000009)
    .ARM.Collect$$rtentry$$0000000A          0x00000184   Section        4  __rtentry2.o(.ARM.Collect$$rtentry$$0000000A)
    .ARM.Collect$$rtentry$$0000000C          0x00000188   Section        0  __rtentry2.o(.ARM.Collect$$rtentry$$0000000C)
    .ARM.Collect$$rtentry$$0000000D          0x00000188   Section        8  __rtentry2.o(.ARM.Collect$$rtentry$$0000000D)
    .ARM.Collect$$rtexit$$00000000           0x00000190   Section        2  rtexit.o(.ARM.Collect$$rtexit$$00000000)
    .ARM.Collect$$rtexit$$00000002           0x00000192   Section        0  rtexit2.o(.ARM.Collect$$rtexit$$00000002)
    .ARM.Collect$$rtexit$$00000003           0x00000192   Section        4  rtexit2.o(.ARM.Collect$$rtexit$$00000003)
    .ARM.Collect$$rtexit$$00000004           0x00000196   Section        6  rtexit2.o(.ARM.Collect$$rtexit$$00000004)
    .emb_text                                0x0000019c   Section       12  delay.o(.emb_text)
    $v0                                      0x0000019c   Number         0  delay.o(.emb_text)
    .text                                    0x000001a8   Section        0  adc.o(.text)
    .text                                    0x00000278   Section        0  delay.o(.text)
    .text                                    0x000002d0   Section        0  noretval__2sprintf.o(.text)
    .text                                    0x000002f8   Section        2  use_no_semi.o(.text)
    .text                                    0x000002fa   Section        0  indicate_semi.o(.text)
    x$fpl$usenofp                            0x000002fa   Section        0  usenofp.o(x$fpl$usenofp)
    .ARM.__at_0x02FC                         0x000002fc   Section        4  startup_lpc407x_8x_177x_8x.o(.ARM.__at_0x02FC)
    .text                                    0x00000300   Section        0  decode.o(.text)
    .text                                    0x000004ec   Section        0  eeprom.o(.text)
    .text                                    0x00000708   Section        0  main.o(.text)
    .text                                    0x00000b8c   Section        0  gpio.o(.text)
    .text                                    0x00000f04   Section        0  lcd.o(.text)
    lcd_write_data                           0x000010ab   Thumb Code    24  lcd.o(.text)
    .text                                    0x00001194   Section        0  leds.o(.text)
    .text                                    0x00001200   Section        0  switches.o(.text)
    .text                                    0x0000124c   Section        0  timer.o(.text)
    .text                                    0x00001358   Section        0  uart.o(.text)
    .text                                    0x0000205c   Section       60  startup_lpc407x_8x_177x_8x.o(.text)
    $v0                                      0x0000205c   Number         0  startup_lpc407x_8x_177x_8x.o(.text)
    .text                                    0x00002098   Section        0  system_lpc407x_8x_177x_8x.o(.text)
    fpu_init                                 0x00002351   Thumb Code    62  system_lpc407x_8x_177x_8x.o(.text)
    _DelayMs                                 0x0000238f   Thumb Code    38  system_lpc407x_8x_177x_8x.o(.text)
    SystemInit_ExtMemCtl                     0x000023b5   Thumb Code   520  system_lpc407x_8x_177x_8x.o(.text)
    .text                                    0x000026cc   Section        0  __printf_flags_wp.o(.text)
    .text                                    0x00002804   Section        0  exit.o(.text)
    .text                                    0x00002816   Section        0  heapauxi.o(.text)
    .text                                    0x0000281c   Section        0  _printf_fp_dec.o(.text)
    _fp_digits                               0x0000281f   Thumb Code   432  _printf_fp_dec.o(.text)
    .text                                    0x00002c3c   Section        0  _printf_char_common.o(.text)
    _printf_input_char                       0x00002c3d   Thumb Code    10  _printf_char_common.o(.text)
    .text                                    0x00002c6c   Section        0  _sputc.o(.text)
    .text                                    0x00002c78   Section        8  rt_locale_intlibspace.o(.text)
    .text                                    0x00002c80   Section      138  lludiv10.o(.text)
    .text                                    0x00002d0c   Section        0  _printf_fp_infnan.o(.text)
    .text                                    0x00002d8c   Section        0  bigflt0.o(.text)
    .text                                    0x00002e70   Section        0  sys_exit.o(.text)
    .text                                    0x00002e7c   Section        8  libspace.o(.text)
    .text                                    0x00002e84   Section       74  sys_stackheap_outer.o(.text)
    .text                                    0x00002ed0   Section      128  strcmpv7m.o(.text)
    CL$$btod_d2e                             0x00002f50   Section       62  btod.o(CL$$btod_d2e)
    CL$$btod_d2e_denorm_low                  0x00002f8e   Section       70  btod.o(CL$$btod_d2e_denorm_low)
    CL$$btod_d2e_norm_op1                    0x00002fd4   Section       96  btod.o(CL$$btod_d2e_norm_op1)
    CL$$btod_div_common                      0x00003034   Section      824  btod.o(CL$$btod_div_common)
    CL$$btod_e2e                             0x0000336c   Section      220  btod.o(CL$$btod_e2e)
    CL$$btod_ediv                            0x00003448   Section       42  btod.o(CL$$btod_ediv)
    CL$$btod_emul                            0x00003472   Section       42  btod.o(CL$$btod_emul)
    CL$$btod_mult_common                     0x0000349c   Section      580  btod.o(CL$$btod_mult_common)
    i.__ARM_fpclassify                       0x000036e0   Section        0  fpclassify.o(i.__ARM_fpclassify)
    i._is_digit                              0x00003710   Section        0  __printf_wp.o(i._is_digit)
    locale$$code                             0x00003720   Section       44  lc_numeric_c.o(locale$$code)
    x$fpl$d2f                                0x0000374c   Section       98  d2f.o(x$fpl$d2f)
    $v0                                      0x0000374c   Number         0  d2f.o(x$fpl$d2f)
    x$fpl$dflt                               0x000037ae   Section       46  dflt_clz.o(x$fpl$dflt)
    $v0                                      0x000037ae   Number         0  dflt_clz.o(x$fpl$dflt)
    x$fpl$dmul                               0x000037dc   Section      340  dmul.o(x$fpl$dmul)
    $v0                                      0x000037dc   Number         0  dmul.o(x$fpl$dmul)
    x$fpl$dnaninf                            0x00003930   Section      156  dnaninf.o(x$fpl$dnaninf)
    $v0                                      0x00003930   Number         0  dnaninf.o(x$fpl$dnaninf)
    x$fpl$dretinf                            0x000039cc   Section       12  dretinf.o(x$fpl$dretinf)
    $v0                                      0x000039cc   Number         0  dretinf.o(x$fpl$dretinf)
    x$fpl$f2d                                0x000039d8   Section       86  f2d.o(x$fpl$f2d)
    $v0                                      0x000039d8   Number         0  f2d.o(x$fpl$f2d)
    x$fpl$fnaninf                            0x00003a2e   Section      140  fnaninf.o(x$fpl$fnaninf)
    $v0                                      0x00003a2e   Number         0  fnaninf.o(x$fpl$fnaninf)
    x$fpl$fpinit                             0x00003aba   Section       10  fpinit.o(x$fpl$fpinit)
    $v0                                      0x00003aba   Number         0  fpinit.o(x$fpl$fpinit)
    x$fpl$fretinf                            0x00003ac4   Section       10  fretinf.o(x$fpl$fretinf)
    $v0                                      0x00003ac4   Number         0  fretinf.o(x$fpl$fretinf)
    x$fpl$printf1                            0x00003ace   Section        4  printf1.o(x$fpl$printf1)
    $v0                                      0x00003ace   Number         0  printf1.o(x$fpl$printf1)
    .constdata                               0x00003ad2   Section       17  __printf_flags_wp.o(.constdata)
    maptable                                 0x00003ad2   Data          17  __printf_flags_wp.o(.constdata)
    .constdata                               0x00003ae4   Section      148  bigflt0.o(.constdata)
    tenpwrs_x                                0x00003ae4   Data          60  bigflt0.o(.constdata)
    tenpwrs_i                                0x00003b20   Data          64  bigflt0.o(.constdata)
    locale$$data                             0x00003b98   Section       28  lc_numeric_c.o(locale$$data)
    __lcnum_c_name                           0x00003b9c   Data           2  lc_numeric_c.o(locale$$data)
    __lcnum_c_start                          0x00003ba4   Data           0  lc_numeric_c.o(locale$$data)
    __lcnum_c_point                          0x00003bb0   Data           0  lc_numeric_c.o(locale$$data)
    __lcnum_c_thousands                      0x00003bb2   Data           0  lc_numeric_c.o(locale$$data)
    __lcnum_c_grouping                       0x00003bb3   Data           0  lc_numeric_c.o(locale$$data)
    __lcnum_c_end                            0x00003bb4   Data           0  lc_numeric_c.o(locale$$data)
    .data                                    0x10000000   Section      160  decode.o(.data)
    TONEMAP                                  0x10000000   Data          96  decode.o(.data)
    low                                      0x10000060   Data          32  decode.o(.data)
    high                                     0x10000080   Data          32  decode.o(.data)
    .data                                    0x100000a0   Section       20  main.o(.data)
    currentBuffer                            0x100000a0   Data           4  main.o(.data)
    currentBufferIndex                       0x100000a4   Data           2  main.o(.data)
    cursorPosition                           0x100000a6   Data           2  main.o(.data)
    prev_SW_LT                               0x100000a8   Data           1  main.o(.data)
    prev_SW_DN                               0x100000a9   Data           1  main.o(.data)
    prev_SW_UP                               0x100000aa   Data           1  main.o(.data)
    prev_SW_CR                               0x100000ab   Data           1  main.o(.data)
    prev_SW_RT                               0x100000ac   Data           1  main.o(.data)
    isBufferFull                             0x100000ad   Data           1  main.o(.data)
    autoScroll                               0x100000ae   Data           1  main.o(.data)
    adcValue                                 0x100000af   Data           1  main.o(.data)
    adcDelay                                 0x100000b0   Data           4  main.o(.data)
    .data                                    0x100000b4   Section       16  gpio.o(.data)
    GPIO_callback                            0x100000c0   Data           4  gpio.o(.data)
    .data                                    0x100000c4   Section        1  lcd.o(.data)
    .data                                    0x100000c8   Section        4  timer.o(.data)
    timer_callback                           0x100000c8   Data           4  timer.o(.data)
    .data                                    0x100000cc   Section        4  uart.o(.data)
    UART_callback                            0x100000cc   Data           4  uart.o(.data)
    .data                                    0x100000d0   Section       16  system_lpc407x_8x_177x_8x.o(.data)
    .bss                                     0x100000e0   Section     2065  main.o(.bss)
    buffer1                                  0x100000e0   Data        1024  main.o(.bss)
    buffer2                                  0x100004e0   Data        1024  main.o(.bss)
    secondRowOutput                          0x100008e0   Data          17  main.o(.bss)
    .bss                                     0x100008f4   Section      864  uart.o(.bss)
    .bss                                     0x10000c54   Section       96  libspace.o(.bss)
    HEAP                                     0x10000cb8   Section        0  startup_lpc407x_8x_177x_8x.o(HEAP)
    STACK                                    0x10000cb8   Section     1024  startup_lpc407x_8x_177x_8x.o(STACK)
    Heap_Mem                                 0x10000cb8   Data           0  startup_lpc407x_8x_177x_8x.o(HEAP)
    Stack_Mem                                0x10000cb8   Data        1024  startup_lpc407x_8x_177x_8x.o(STACK)
    __initial_sp                             0x100010b8   Data           0  startup_lpc407x_8x_177x_8x.o(STACK)

    Global Symbols

    Symbol Name                              Value     Ov Type        Size  Object(Section)

    BuildAttributes$$THM_ISAv4$E$P$D$K$B$S$7EM$VFPi3$EXTD16$VFPS$VFMA$PE$A:L22UL41UL21$X:L11$S22US41US21$IEEE1$IW$USESV6$~STKCKD$USESV7$~SHL$OTIME$ROPI$IEEEJ$EBA8$UX$STANDARDLIB$REQ8$PRES8$EABIv2 0x00000000   Number         0  anon$$obj.o ABSOLUTE
    __ARM_use_no_argv                        0x00000000   Number         0  main.o ABSOLUTE
    __Vectors                                0x00000000   Data           4  startup_lpc407x_8x_177x_8x.o(RESET)
    _printf_flags                            0x00000000   Number         0  printf_stubs.o ABSOLUTE
    _printf_return_value                     0x00000000   Number         0  printf_stubs.o ABSOLUTE
    _printf_sizespec                         0x00000000   Number         0  printf_stubs.o ABSOLUTE
    _printf_widthprec                        0x00000000   Number         0  printf_stubs.o ABSOLUTE
    __ARM_exceptions_init                     - Undefined Weak Reference
    __alloca_initialize                       - Undefined Weak Reference
    __arm_fini_                               - Undefined Weak Reference
    __arm_preinit_                            - Undefined Weak Reference
    __cpp_initialize__aeabi_                  - Undefined Weak Reference
    __cxa_finalize                            - Undefined Weak Reference
    __sigvec_lookup                           - Undefined Weak Reference
    _atexit_init                              - Undefined Weak Reference
    _call_atexit_fns                          - Undefined Weak Reference
    _clock_init                               - Undefined Weak Reference
    _fp_trap_init                             - Undefined Weak Reference
    _fp_trap_shutdown                         - Undefined Weak Reference
    _get_lc_collate                           - Undefined Weak Reference
    _get_lc_ctype                             - Undefined Weak Reference
    _get_lc_monetary                          - Undefined Weak Reference
    _get_lc_time                              - Undefined Weak Reference
    _getenv_init                              - Undefined Weak Reference
    _handle_redirection                       - Undefined Weak Reference
    _init_alloc                               - Undefined Weak Reference
    _init_user_alloc                          - Undefined Weak Reference
    _initio                                   - Undefined Weak Reference
    _printf_post_padding                      - Undefined Weak Reference
    _printf_pre_padding                       - Undefined Weak Reference
    _rand_init                                - Undefined Weak Reference
    _signal_finish                            - Undefined Weak Reference
    _signal_init                              - Undefined Weak Reference
    _terminate_alloc                          - Undefined Weak Reference
    _terminate_user_alloc                     - Undefined Weak Reference
    _terminateio                              - Undefined Weak Reference
    __main                                   0x000000e5   Thumb Code     8  __main.o(!!!main)
    __scatterload                            0x000000ed   Thumb Code     0  __scatter.o(!!!scatter)
    __scatterload_rt2                        0x000000ed   Thumb Code    44  __scatter.o(!!!scatter)
    __scatterload_rt2_thumb_only             0x000000ed   Thumb Code     0  __scatter.o(!!!scatter)
    __scatterload_null                       0x000000fb   Thumb Code     0  __scatter.o(!!!scatter)
    __scatterload_copy                       0x00000121   Thumb Code    26  __scatter_copy.o(!!handler_copy)
    __scatterload_zeroinit                   0x0000013d   Thumb Code    28  __scatter_zi.o(!!handler_zi)
    _printf_f                                0x00000159   Thumb Code     0  _printf_f.o(.ARM.Collect$$_printf_percent$$00000003)
    _printf_percent                          0x00000159   Thumb Code     0  _printf_percent.o(.ARM.Collect$$_printf_percent$$00000000)
    _printf_percent_end                      0x0000015f   Thumb Code     0  _printf_percent_end.o(.ARM.Collect$$_printf_percent$$00000017)
    __rt_lib_init                            0x00000163   Thumb Code     0  libinit.o(.ARM.Collect$$libinit$$00000000)
    __rt_lib_init_fp_1                       0x00000165   Thumb Code     0  libinit2.o(.ARM.Collect$$libinit$$00000001)
    __rt_lib_init_heap_1                     0x00000169   Thumb Code     0  libinit2.o(.ARM.Collect$$libinit$$0000000A)
    __rt_lib_init_lc_common                  0x00000169   Thumb Code     0  libinit2.o(.ARM.Collect$$libinit$$0000000F)
    __rt_lib_init_preinit_1                  0x00000169   Thumb Code     0  libinit2.o(.ARM.Collect$$libinit$$00000004)
    __rt_lib_init_rand_1                     0x00000169   Thumb Code     0  libinit2.o(.ARM.Collect$$libinit$$0000000E)
    __rt_lib_init_user_alloc_1               0x00000169   Thumb Code     0  libinit2.o(.ARM.Collect$$libinit$$0000000C)
    __rt_lib_init_lc_collate_1               0x0000016f   Thumb Code     0  libinit2.o(.ARM.Collect$$libinit$$00000011)
    __rt_lib_init_lc_ctype_1                 0x0000016f   Thumb Code     0  libinit2.o(.ARM.Collect$$libinit$$00000013)
    __rt_lib_init_lc_monetary_1              0x0000016f   Thumb Code     0  libinit2.o(.ARM.Collect$$libinit$$00000015)
    __rt_lib_init_lc_numeric_2               0x0000016f   Thumb Code     0  libinit2.o(.ARM.Collect$$libinit$$00000016)
    __rt_lib_init_alloca_1                   0x00000179   Thumb Code     0  libinit2.o(.ARM.Collect$$libinit$$0000002E)
    __rt_lib_init_argv_1                     0x00000179   Thumb Code     0  libinit2.o(.ARM.Collect$$libinit$$0000002C)
    __rt_lib_init_atexit_1                   0x00000179   Thumb Code     0  libinit2.o(.ARM.Collect$$libinit$$0000001B)
    __rt_lib_init_clock_1                    0x00000179   Thumb Code     0  libinit2.o(.ARM.Collect$$libinit$$00000021)
    __rt_lib_init_cpp_1                      0x00000179   Thumb Code     0  libinit2.o(.ARM.Collect$$libinit$$00000032)
    __rt_lib_init_exceptions_1               0x00000179   Thumb Code     0  libinit2.o(.ARM.Collect$$libinit$$00000030)
    __rt_lib_init_fp_trap_1                  0x00000179   Thumb Code     0  libinit2.o(.ARM.Collect$$libinit$$0000001F)
    __rt_lib_init_getenv_1                   0x00000179   Thumb Code     0  libinit2.o(.ARM.Collect$$libinit$$00000023)
    __rt_lib_init_lc_numeric_1               0x00000179   Thumb Code     0  libinit2.o(.ARM.Collect$$libinit$$00000017)
    __rt_lib_init_lc_time_1                  0x00000179   Thumb Code     0  libinit2.o(.ARM.Collect$$libinit$$00000019)
    __rt_lib_init_return                     0x00000179   Thumb Code     0  libinit2.o(.ARM.Collect$$libinit$$00000033)
    __rt_lib_init_signal_1                   0x00000179   Thumb Code     0  libinit2.o(.ARM.Collect$$libinit$$0000001D)
    __rt_lib_init_stdio_1                    0x00000179   Thumb Code     0  libinit2.o(.ARM.Collect$$libinit$$00000025)
    __rt_lib_shutdown                        0x0000017b   Thumb Code     0  libshutdown.o(.ARM.Collect$$libshutdown$$00000000)
    __rt_lib_shutdown_cpp_1                  0x0000017d   Thumb Code     0  libshutdown2.o(.ARM.Collect$$libshutdown$$00000004)
    __rt_lib_shutdown_fini_1                 0x0000017d   Thumb Code     0  libshutdown2.o(.ARM.Collect$$libshutdown$$00000002)
    __rt_lib_shutdown_fp_trap_1              0x0000017d   Thumb Code     0  libshutdown2.o(.ARM.Collect$$libshutdown$$00000009)
    __rt_lib_shutdown_heap_1                 0x0000017d   Thumb Code     0  libshutdown2.o(.ARM.Collect$$libshutdown$$00000011)
    __rt_lib_shutdown_return                 0x0000017d   Thumb Code     0  libshutdown2.o(.ARM.Collect$$libshutdown$$00000012)
    __rt_lib_shutdown_signal_1               0x0000017d   Thumb Code     0  libshutdown2.o(.ARM.Collect$$libshutdown$$0000000C)
    __rt_lib_shutdown_stdio_1                0x0000017d   Thumb Code     0  libshutdown2.o(.ARM.Collect$$libshutdown$$00000006)
    __rt_lib_shutdown_user_alloc_1           0x0000017d   Thumb Code     0  libshutdown2.o(.ARM.Collect$$libshutdown$$0000000E)
    __rt_entry                               0x0000017f   Thumb Code     0  __rtentry.o(.ARM.Collect$$rtentry$$00000000)
    __rt_entry_presh_1                       0x0000017f   Thumb Code     0  __rtentry2.o(.ARM.Collect$$rtentry$$00000002)
    __rt_entry_sh                            0x0000017f   Thumb Code     0  __rtentry4.o(.ARM.Collect$$rtentry$$00000004)
    __rt_entry_li                            0x00000185   Thumb Code     0  __rtentry2.o(.ARM.Collect$$rtentry$$0000000A)
    __rt_entry_postsh_1                      0x00000185   Thumb Code     0  __rtentry2.o(.ARM.Collect$$rtentry$$00000009)
    __rt_entry_main                          0x00000189   Thumb Code     0  __rtentry2.o(.ARM.Collect$$rtentry$$0000000D)
    __rt_entry_postli_1                      0x00000189   Thumb Code     0  __rtentry2.o(.ARM.Collect$$rtentry$$0000000C)
    __rt_exit                                0x00000191   Thumb Code     0  rtexit.o(.ARM.Collect$$rtexit$$00000000)
    __rt_exit_ls                             0x00000193   Thumb Code     0  rtexit2.o(.ARM.Collect$$rtexit$$00000003)
    __rt_exit_prels_1                        0x00000193   Thumb Code     0  rtexit2.o(.ARM.Collect$$rtexit$$00000002)
    __rt_exit_exit                           0x00000197   Thumb Code     0  rtexit2.o(.ARM.Collect$$rtexit$$00000004)
    delay_cycles                             0x0000019d   Thumb Code    12  delay.o(.emb_text)
    GET_ADC0_Port                            0x000001a9   Thumb Code    22  adc.o(.text)
    adc_init                                 0x000001bf   Thumb Code    94  adc.o(.text)
    adc_read                                 0x0000021d   Thumb Code    72  adc.o(.text)
    delay_ms                                 0x00000279   Thumb Code    40  delay.o(.text)
    delay_us                                 0x000002a1   Thumb Code    38  delay.o(.text)
    __2sprintf                               0x000002d1   Thumb Code    34  noretval__2sprintf.o(.text)
    __I$use$semihosting                      0x000002f9   Thumb Code     0  use_no_semi.o(.text)
    __use_no_semihosting_swi                 0x000002f9   Thumb Code     2  use_no_semi.o(.text)
    __I$use$fp                               0x000002fa   Number         0  usenofp.o(x$fpl$usenofp)
    __semihosting_library_function           0x000002fb   Thumb Code     0  indicate_semi.o(.text)
    toneDetection                            0x00000301   Thumb Code    64  decode.o(.text)
    quietDetection                           0x00000341   Thumb Code    72  decode.o(.text)
    processSample                            0x00000389   Thumb Code    94  decode.o(.text)
    decode                                   0x000003e7   Thumb Code   238  decode.o(.text)
    eeprom_init                              0x000004ed   Thumb Code   104  eeprom.o(.text)
    eeprom_write                             0x00000555   Thumb Code   172  eeprom.o(.text)
    eeprom_read                              0x00000601   Thumb Code   120  eeprom.o(.text)
    eeprom_erase                             0x00000679   Thumb Code   124  eeprom.o(.text)
    detectSwitchInput                        0x00000709   Thumb Code   426  main.o(.text)
    samplingInterrupt                        0x000008b3   Thumb Code   166  main.o(.text)
    startSamplingTimer                       0x00000959   Thumb Code    24  main.o(.text)
    printStartMessage                        0x00000971   Thumb Code    28  main.o(.text)
    initializeComponents                     0x0000098d   Thumb Code    48  main.o(.text)
    main                                     0x000009bd   Thumb Code   454  main.o(.text)
    gpio_get                                 0x00000b8d   Thumb Code    26  gpio.o(.text)
    gpio_toggle                              0x00000ba7   Thumb Code    52  gpio.o(.text)
    gpio_set                                 0x00000bdb   Thumb Code    44  gpio.o(.text)
    gpio_set_range                           0x00000c07   Thumb Code    42  gpio.o(.text)
    gpio_get_range                           0x00000c31   Thumb Code    30  gpio.o(.text)
    gpio_set_mode                            0x00000c4f   Thumb Code   200  gpio.o(.text)
    gpio_set_trigger                         0x00000d17   Thumb Code   180  gpio.o(.text)
    gpio_set_callback                        0x00000dcb   Thumb Code   126  gpio.o(.text)
    GPIO_IRQHandler                          0x00000e49   Thumb Code   140  gpio.o(.text)
    spi_writeBus                             0x00000f05   Thumb Code    96  lcd.o(.text)
    spi_init                                 0x00000f65   Thumb Code    70  lcd.o(.text)
    lcd_setEnable                            0x00000fab   Thumb Code    38  lcd.o(.text)
    lcd_setRS                                0x00000fd1   Thumb Code    38  lcd.o(.text)
    lcd_setData                              0x00000ff7   Thumb Code   142  lcd.o(.text)
    lcd_write_4bit                           0x00001085   Thumb Code    38  lcd.o(.text)
    lcd_write_cmd                            0x000010c3   Thumb Code    24  lcd.o(.text)
    lcd_set_cursor                           0x000010db   Thumb Code    22  lcd.o(.text)
    lcd_init                                 0x000010f1   Thumb Code    78  lcd.o(.text)
    lcd_set_cursor_visibile                  0x0000113f   Thumb Code    24  lcd.o(.text)
    lcd_clear                                0x00001157   Thumb Code    18  lcd.o(.text)
    lcd_put_char                             0x00001169   Thumb Code    12  lcd.o(.text)
    lcd_print                                0x00001175   Thumb Code    22  lcd.o(.text)
    leds_set                                 0x00001195   Thumb Code    62  leds.o(.text)
    leds_init                                0x000011d3   Thumb Code    42  leds.o(.text)
    switches_init                            0x00001201   Thumb Code    52  switches.o(.text)
    switch_get                               0x00001235   Thumb Code    20  switches.o(.text)
    timer_init                               0x0000124d   Thumb Code    62  timer.o(.text)
    timer_enable                             0x0000128b   Thumb Code    22  timer.o(.text)
    timer_disable                            0x000012a1   Thumb Code    10  timer.o(.text)
    timer_set_callback                       0x000012ab   Thumb Code   124  timer.o(.text)
    TIMER0_IRQHandler                        0x00001327   Thumb Code    30  timer.o(.text)
    FR_TABLE_Value                           0x00001359   Thumb Code    14  uart.o(.text)
    FR_TABLE_Construct                       0x00001367   Thumb Code  2420  uart.o(.text)
    uart_set_baudrate                        0x00001cdb   Thumb Code   428  uart.o(.text)
    uart_init                                0x00001e87   Thumb Code   118  uart.o(.text)
    uart_enable                              0x00001efd   Thumb Code    20  uart.o(.text)
    uart_tx                                  0x00001f11   Thumb Code    24  uart.o(.text)
    uart_print                               0x00001f29   Thumb Code    22  uart.o(.text)
    uart_set_rx_callback                     0x00001f3f   Thumb Code   122  uart.o(.text)
    uart_rx                                  0x00001fb9   Thumb Code    24  uart.o(.text)
    UART0_IRQHandler                         0x00001fd1   Thumb Code    84  uart.o(.text)
    Reset_Handler                            0x0000205d   Thumb Code     8  startup_lpc407x_8x_177x_8x.o(.text)
    NMI_Handler                              0x00002065   Thumb Code     2  startup_lpc407x_8x_177x_8x.o(.text)
    HardFault_Handler                        0x00002067   Thumb Code     2  startup_lpc407x_8x_177x_8x.o(.text)
    MemManage_Handler                        0x00002069   Thumb Code     2  startup_lpc407x_8x_177x_8x.o(.text)
    BusFault_Handler                         0x0000206b   Thumb Code     2  startup_lpc407x_8x_177x_8x.o(.text)
    UsageFault_Handler                       0x0000206d   Thumb Code     2  startup_lpc407x_8x_177x_8x.o(.text)
    SVC_Handler                              0x0000206f   Thumb Code     2  startup_lpc407x_8x_177x_8x.o(.text)
    DebugMon_Handler                         0x00002071   Thumb Code     2  startup_lpc407x_8x_177x_8x.o(.text)
    PendSV_Handler                           0x00002073   Thumb Code     2  startup_lpc407x_8x_177x_8x.o(.text)
    SysTick_Handler                          0x00002075   Thumb Code     2  startup_lpc407x_8x_177x_8x.o(.text)
    ADC_IRQHandler                           0x00002077   Thumb Code     0  startup_lpc407x_8x_177x_8x.o(.text)
    BOD_IRQHandler                           0x00002077   Thumb Code     0  startup_lpc407x_8x_177x_8x.o(.text)
    CANActivity_IRQHandler                   0x00002077   Thumb Code     0  startup_lpc407x_8x_177x_8x.o(.text)
    CAN_IRQHandler                           0x00002077   Thumb Code     0  startup_lpc407x_8x_177x_8x.o(.text)
    DMA_IRQHandler                           0x00002077   Thumb Code     0  startup_lpc407x_8x_177x_8x.o(.text)
    EEPROM_IRQHandler                        0x00002077   Thumb Code     0  startup_lpc407x_8x_177x_8x.o(.text)
    EINT0_IRQHandler                         0x00002077   Thumb Code     0  startup_lpc407x_8x_177x_8x.o(.text)
    EINT1_IRQHandler                         0x00002077   Thumb Code     0  startup_lpc407x_8x_177x_8x.o(.text)
    EINT2_IRQHandler                         0x00002077   Thumb Code     0  startup_lpc407x_8x_177x_8x.o(.text)
    EINT3_IRQHandler                         0x00002077   Thumb Code     0  startup_lpc407x_8x_177x_8x.o(.text)
    ENET_IRQHandler                          0x00002077   Thumb Code     0  startup_lpc407x_8x_177x_8x.o(.text)
    I2C0_IRQHandler                          0x00002077   Thumb Code     0  startup_lpc407x_8x_177x_8x.o(.text)
    I2C1_IRQHandler                          0x00002077   Thumb Code     0  startup_lpc407x_8x_177x_8x.o(.text)
    I2C2_IRQHandler                          0x00002077   Thumb Code     0  startup_lpc407x_8x_177x_8x.o(.text)
    I2S_IRQHandler                           0x00002077   Thumb Code     0  startup_lpc407x_8x_177x_8x.o(.text)
    LCD_IRQHandler                           0x00002077   Thumb Code     0  startup_lpc407x_8x_177x_8x.o(.text)
    MCI_IRQHandler                           0x00002077   Thumb Code     0  startup_lpc407x_8x_177x_8x.o(.text)
    MCPWM_IRQHandler                         0x00002077   Thumb Code     0  startup_lpc407x_8x_177x_8x.o(.text)
    PLL0_IRQHandler                          0x00002077   Thumb Code     0  startup_lpc407x_8x_177x_8x.o(.text)
    PLL1_IRQHandler                          0x00002077   Thumb Code     0  startup_lpc407x_8x_177x_8x.o(.text)
    PWM0_IRQHandler                          0x00002077   Thumb Code     0  startup_lpc407x_8x_177x_8x.o(.text)
    PWM1_IRQHandler                          0x00002077   Thumb Code     0  startup_lpc407x_8x_177x_8x.o(.text)
    QEI_IRQHandler                           0x00002077   Thumb Code     0  startup_lpc407x_8x_177x_8x.o(.text)
    RTC_IRQHandler                           0x00002077   Thumb Code     0  startup_lpc407x_8x_177x_8x.o(.text)
    SSP0_IRQHandler                          0x00002077   Thumb Code     0  startup_lpc407x_8x_177x_8x.o(.text)
    SSP1_IRQHandler                          0x00002077   Thumb Code     0  startup_lpc407x_8x_177x_8x.o(.text)
    SSP2_IRQHandler                          0x00002077   Thumb Code     0  startup_lpc407x_8x_177x_8x.o(.text)
    TIMER1_IRQHandler                        0x00002077   Thumb Code     0  startup_lpc407x_8x_177x_8x.o(.text)
    TIMER2_IRQHandler                        0x00002077   Thumb Code     0  startup_lpc407x_8x_177x_8x.o(.text)
    TIMER3_IRQHandler                        0x00002077   Thumb Code     0  startup_lpc407x_8x_177x_8x.o(.text)
    UART1_IRQHandler                         0x00002077   Thumb Code     0  startup_lpc407x_8x_177x_8x.o(.text)
    UART2_IRQHandler                         0x00002077   Thumb Code     0  startup_lpc407x_8x_177x_8x.o(.text)
    UART3_IRQHandler                         0x00002077   Thumb Code     0  startup_lpc407x_8x_177x_8x.o(.text)
    UART4_IRQHandler                         0x00002077   Thumb Code     0  startup_lpc407x_8x_177x_8x.o(.text)
    USBActivity_IRQHandler                   0x00002077   Thumb Code     0  startup_lpc407x_8x_177x_8x.o(.text)
    USB_IRQHandler                           0x00002077   Thumb Code     0  startup_lpc407x_8x_177x_8x.o(.text)
    WDT_IRQHandler                           0x00002077   Thumb Code     0  startup_lpc407x_8x_177x_8x.o(.text)
    __user_initial_stackheap                 0x00002079   Thumb Code     0  startup_lpc407x_8x_177x_8x.o(.text)
    SystemCoreClockUpdate                    0x00002099   Thumb Code   696  system_lpc407x_8x_177x_8x.o(.text)
    SystemInit                               0x000025bd   Thumb Code   228  system_lpc407x_8x_177x_8x.o(.text)
    __printf                                 0x000026cd   Thumb Code   308  __printf_flags_wp.o(.text)
    exit                                     0x00002805   Thumb Code    18  exit.o(.text)
    __use_two_region_memory                  0x00002817   Thumb Code     2  heapauxi.o(.text)
    __rt_heap_escrow$2region                 0x00002819   Thumb Code     2  heapauxi.o(.text)
    __rt_heap_expand$2region                 0x0000281b   Thumb Code     2  heapauxi.o(.text)
    __lib_sel_fp_printf                      0x0000281d   Thumb Code     2  _printf_fp_dec.o(.text)
    _printf_fp_dec_real                      0x000029cf   Thumb Code   620  _printf_fp_dec.o(.text)
    _printf_char_common                      0x00002c47   Thumb Code    32  _printf_char_common.o(.text)
    _sputc                                   0x00002c6d   Thumb Code    10  _sputc.o(.text)
    __rt_locale                              0x00002c79   Thumb Code     8  rt_locale_intlibspace.o(.text)
    _ll_udiv10                               0x00002c81   Thumb Code   138  lludiv10.o(.text)
    _printf_fp_infnan                        0x00002d0d   Thumb Code   112  _printf_fp_infnan.o(.text)
    _btod_etento                             0x00002d8d   Thumb Code   224  bigflt0.o(.text)
    _sys_exit                                0x00002e71   Thumb Code     8  sys_exit.o(.text)
    __user_libspace                          0x00002e7d   Thumb Code     8  libspace.o(.text)
    __user_perproc_libspace                  0x00002e7d   Thumb Code     0  libspace.o(.text)
    __user_perthread_libspace                0x00002e7d   Thumb Code     0  libspace.o(.text)
    __user_setup_stackheap                   0x00002e85   Thumb Code    74  sys_stackheap_outer.o(.text)
    strcmp                                   0x00002ed1   Thumb Code   128  strcmpv7m.o(.text)
    _btod_d2e                                0x00002f51   Thumb Code    62  btod.o(CL$$btod_d2e)
    _d2e_denorm_low                          0x00002f8f   Thumb Code    70  btod.o(CL$$btod_d2e_denorm_low)
    _d2e_norm_op1                            0x00002fd5   Thumb Code    96  btod.o(CL$$btod_d2e_norm_op1)
    __btod_div_common                        0x00003035   Thumb Code   696  btod.o(CL$$btod_div_common)
    _e2e                                     0x0000336d   Thumb Code   220  btod.o(CL$$btod_e2e)
    _btod_ediv                               0x00003449   Thumb Code    42  btod.o(CL$$btod_ediv)
    _btod_emul                               0x00003473   Thumb Code    42  btod.o(CL$$btod_emul)
    __btod_mult_common                       0x0000349d   Thumb Code   580  btod.o(CL$$btod_mult_common)
    __ARM_fpclassify                         0x000036e1   Thumb Code    48  fpclassify.o(i.__ARM_fpclassify)
    _is_digit                                0x00003711   Thumb Code    14  __printf_wp.o(i._is_digit)
    _get_lc_numeric                          0x00003721   Thumb Code    44  lc_numeric_c.o(locale$$code)
    __aeabi_d2f                              0x0000374d   Thumb Code     0  d2f.o(x$fpl$d2f)
    _d2f                                     0x0000374d   Thumb Code    98  d2f.o(x$fpl$d2f)
    __aeabi_i2d                              0x000037af   Thumb Code     0  dflt_clz.o(x$fpl$dflt)
    _dflt                                    0x000037af   Thumb Code    46  dflt_clz.o(x$fpl$dflt)
    __aeabi_dmul                             0x000037dd   Thumb Code     0  dmul.o(x$fpl$dmul)
    _dmul                                    0x000037dd   Thumb Code   332  dmul.o(x$fpl$dmul)
    __fpl_dnaninf                            0x00003931   Thumb Code   156  dnaninf.o(x$fpl$dnaninf)
    __fpl_dretinf                            0x000039cd   Thumb Code    12  dretinf.o(x$fpl$dretinf)
    __aeabi_f2d                              0x000039d9   Thumb Code     0  f2d.o(x$fpl$f2d)
    _f2d                                     0x000039d9   Thumb Code    86  f2d.o(x$fpl$f2d)
    __fpl_fnaninf                            0x00003a2f   Thumb Code   140  fnaninf.o(x$fpl$fnaninf)
    _fp_init                                 0x00003abb   Thumb Code    10  fpinit.o(x$fpl$fpinit)
    __fplib_config_fpu_vfp                   0x00003ac3   Thumb Code     0  fpinit.o(x$fpl$fpinit)
    __fplib_config_pureend_doubles           0x00003ac3   Thumb Code     0  fpinit.o(x$fpl$fpinit)
    __fpl_fretinf                            0x00003ac5   Thumb Code    10  fretinf.o(x$fpl$fretinf)
    _printf_fp_dec                           0x00003acf   Thumb Code     4  printf1.o(x$fpl$printf1)
    Region$$Table$$Base                      0x00003b78   Number         0  anon$$obj.o(Region$$Table)
    Region$$Table$$Limit                     0x00003b98   Number         0  anon$$obj.o(Region$$Table)
    IRQ_status                               0x100000b4   Data           4  gpio.o(.data)
    IRQ_port_num                             0x100000b8   Data           4  gpio.o(.data)
    IRQ_pin_index                            0x100000bc   Data           4  gpio.o(.data)
    _spi_bus                                 0x100000c4   Data           1  lcd.o(.data)
    SystemCoreClock                          0x100000d0   Data           4  system_lpc407x_8x_177x_8x.o(.data)
    PeripheralClock                          0x100000d4   Data           4  system_lpc407x_8x_177x_8x.o(.data)
    EMCClock                                 0x100000d8   Data           4  system_lpc407x_8x_177x_8x.o(.data)
    USBClock                                 0x100000dc   Data           4  system_lpc407x_8x_177x_8x.o(.data)
    Fractional_Divider_Array                 0x100008f4   Data         864  uart.o(.bss)
    __libspace_start                         0x10000c54   Data          96  libspace.o(.bss)
    __temporary_stack_top$libspace           0x10000cb4   Data           0  libspace.o(.bss)



==============================================================================

Memory Map of the image

  Image Entry point : 0x0000205d

  Load Region LR_1 (Base: 0x00000000, Size: 0x00003c94, Max: 0xffffffff, ABSOLUTE)

    Execution Region ER_RO (Exec base: 0x00000000, Load base: 0x00000000, Size: 0x00003bb4, Max: 0xffffffff, ABSOLUTE)

    Exec Addr    Load Addr    Size         Type   Attr      Idx    E Section Name        Object

    0x00000000   0x00000000   0x000000e4   Data   RO          448    RESET               startup_lpc407x_8x_177x_8x.o
    0x000000e4   0x000000e4   0x00000008   Code   RO          520  * !!!main             c_w.l(__main.o)
    0x000000ec   0x000000ec   0x00000034   Code   RO          752    !!!scatter          c_w.l(__scatter.o)
    0x00000120   0x00000120   0x0000001a   Code   RO          754    !!handler_copy      c_w.l(__scatter_copy.o)
    0x0000013a   0x0000013a   0x00000002   PAD
    0x0000013c   0x0000013c   0x0000001c   Code   RO          756    !!handler_zi        c_w.l(__scatter_zi.o)
    0x00000158   0x00000158   0x00000000   Code   RO          515    .ARM.Collect$$_printf_percent$$00000000  c_w.l(_printf_percent.o)
    0x00000158   0x00000158   0x00000006   Code   RO          514    .ARM.Collect$$_printf_percent$$00000003  c_w.l(_printf_f.o)
    0x0000015e   0x0000015e   0x00000004   Code   RO          545    .ARM.Collect$$_printf_percent$$00000017  c_w.l(_printf_percent_end.o)
    0x00000162   0x00000162   0x00000002   Code   RO          636    .ARM.Collect$$libinit$$00000000  c_w.l(libinit.o)
    0x00000164   0x00000164   0x00000004   Code   RO          637    .ARM.Collect$$libinit$$00000001  c_w.l(libinit2.o)
    0x00000168   0x00000168   0x00000000   Code   RO          640    .ARM.Collect$$libinit$$00000004  c_w.l(libinit2.o)
    0x00000168   0x00000168   0x00000000   Code   RO          643    .ARM.Collect$$libinit$$0000000A  c_w.l(libinit2.o)
    0x00000168   0x00000168   0x00000000   Code   RO          645    .ARM.Collect$$libinit$$0000000C  c_w.l(libinit2.o)
    0x00000168   0x00000168   0x00000000   Code   RO          647    .ARM.Collect$$libinit$$0000000E  c_w.l(libinit2.o)
    0x00000168   0x00000168   0x00000006   Code   RO          648    .ARM.Collect$$libinit$$0000000F  c_w.l(libinit2.o)
    0x0000016e   0x0000016e   0x00000000   Code   RO          650    .ARM.Collect$$libinit$$00000011  c_w.l(libinit2.o)
    0x0000016e   0x0000016e   0x00000000   Code   RO          652    .ARM.Collect$$libinit$$00000013  c_w.l(libinit2.o)
    0x0000016e   0x0000016e   0x00000000   Code   RO          654    .ARM.Collect$$libinit$$00000015  c_w.l(libinit2.o)
    0x0000016e   0x0000016e   0x0000000a   Code   RO          655    .ARM.Collect$$libinit$$00000016  c_w.l(libinit2.o)
    0x00000178   0x00000178   0x00000000   Code   RO          656    .ARM.Collect$$libinit$$00000017  c_w.l(libinit2.o)
    0x00000178   0x00000178   0x00000000   Code   RO          658    .ARM.Collect$$libinit$$00000019  c_w.l(libinit2.o)
    0x00000178   0x00000178   0x00000000   Code   RO          660    .ARM.Collect$$libinit$$0000001B  c_w.l(libinit2.o)
    0x00000178   0x00000178   0x00000000   Code   RO          662    .ARM.Collect$$libinit$$0000001D  c_w.l(libinit2.o)
    0x00000178   0x00000178   0x00000000   Code   RO          664    .ARM.Collect$$libinit$$0000001F  c_w.l(libinit2.o)
    0x00000178   0x00000178   0x00000000   Code   RO          666    .ARM.Collect$$libinit$$00000021  c_w.l(libinit2.o)
    0x00000178   0x00000178   0x00000000   Code   RO          668    .ARM.Collect$$libinit$$00000023  c_w.l(libinit2.o)
    0x00000178   0x00000178   0x00000000   Code   RO          670    .ARM.Collect$$libinit$$00000025  c_w.l(libinit2.o)
    0x00000178   0x00000178   0x00000000   Code   RO          674    .ARM.Collect$$libinit$$0000002C  c_w.l(libinit2.o)
    0x00000178   0x00000178   0x00000000   Code   RO          676    .ARM.Collect$$libinit$$0000002E  c_w.l(libinit2.o)
    0x00000178   0x00000178   0x00000000   Code   RO          678    .ARM.Collect$$libinit$$00000030  c_w.l(libinit2.o)
    0x00000178   0x00000178   0x00000000   Code   RO          680    .ARM.Collect$$libinit$$00000032  c_w.l(libinit2.o)
    0x00000178   0x00000178   0x00000002   Code   RO          681    .ARM.Collect$$libinit$$00000033  c_w.l(libinit2.o)
    0x0000017a   0x0000017a   0x00000002   Code   RO          682    .ARM.Collect$$libshutdown$$00000000  c_w.l(libshutdown.o)
    0x0000017c   0x0000017c   0x00000000   Code   RO          689    .ARM.Collect$$libshutdown$$00000002  c_w.l(libshutdown2.o)
    0x0000017c   0x0000017c   0x00000000   Code   RO          691    .ARM.Collect$$libshutdown$$00000004  c_w.l(libshutdown2.o)
    0x0000017c   0x0000017c   0x00000000   Code   RO          693    .ARM.Collect$$libshutdown$$00000006  c_w.l(libshutdown2.o)
    0x0000017c   0x0000017c   0x00000000   Code   RO          696    .ARM.Collect$$libshutdown$$00000009  c_w.l(libshutdown2.o)
    0x0000017c   0x0000017c   0x00000000   Code   RO          699    .ARM.Collect$$libshutdown$$0000000C  c_w.l(libshutdown2.o)
    0x0000017c   0x0000017c   0x00000000   Code   RO          701    .ARM.Collect$$libshutdown$$0000000E  c_w.l(libshutdown2.o)
    0x0000017c   0x0000017c   0x00000000   Code   RO          704    .ARM.Collect$$libshutdown$$00000011  c_w.l(libshutdown2.o)
    0x0000017c   0x0000017c   0x00000002   Code   RO          705    .ARM.Collect$$libshutdown$$00000012  c_w.l(libshutdown2.o)
    0x0000017e   0x0000017e   0x00000000   Code   RO          536    .ARM.Collect$$rtentry$$00000000  c_w.l(__rtentry.o)
    0x0000017e   0x0000017e   0x00000000   Code   RO          556    .ARM.Collect$$rtentry$$00000002  c_w.l(__rtentry2.o)
    0x0000017e   0x0000017e   0x00000006   Code   RO          568    .ARM.Collect$$rtentry$$00000004  c_w.l(__rtentry4.o)
    0x00000184   0x00000184   0x00000000   Code   RO          558    .ARM.Collect$$rtentry$$00000009  c_w.l(__rtentry2.o)
    0x00000184   0x00000184   0x00000004   Code   RO          559    .ARM.Collect$$rtentry$$0000000A  c_w.l(__rtentry2.o)
    0x00000188   0x00000188   0x00000000   Code   RO          561    .ARM.Collect$$rtentry$$0000000C  c_w.l(__rtentry2.o)
    0x00000188   0x00000188   0x00000008   Code   RO          562    .ARM.Collect$$rtentry$$0000000D  c_w.l(__rtentry2.o)
    0x00000190   0x00000190   0x00000002   Code   RO          537    .ARM.Collect$$rtexit$$00000000  c_w.l(rtexit.o)
    0x00000192   0x00000192   0x00000000   Code   RO          571    .ARM.Collect$$rtexit$$00000002  c_w.l(rtexit2.o)
    0x00000192   0x00000192   0x00000004   Code   RO          572    .ARM.Collect$$rtexit$$00000003  c_w.l(rtexit2.o)
    0x00000196   0x00000196   0x00000006   Code   RO          573    .ARM.Collect$$rtexit$$00000004  c_w.l(rtexit2.o)
    0x0000019c   0x0000019c   0x0000000c   Code   RO          216    .emb_text           delay.o
    0x000001a8   0x000001a8   0x000000d0   Code   RO          132    .text               adc.o
    0x00000278   0x00000278   0x00000058   Code   RO          217    .text               delay.o
    0x000002d0   0x000002d0   0x00000028   Code   RO          490    .text               c_w.l(noretval__2sprintf.o)
    0x000002f8   0x000002f8   0x00000002   Code   RO          683    .text               c_w.l(use_no_semi.o)
    0x000002fa   0x000002fa   0x00000000   Code   RO          685    .text               c_w.l(indicate_semi.o)
    0x000002fa   0x000002fa   0x00000000   Code   RO          554    x$fpl$usenofp       fz_wm.l(usenofp.o)
    0x000002fa   0x000002fa   0x00000002   PAD
    0x000002fc   0x000002fc   0x00000004   Code   RO          449    .ARM.__at_0x02FC    startup_lpc407x_8x_177x_8x.o
    0x00000300   0x00000300   0x000001ec   Code   RO            1    .text               decode.o
    0x000004ec   0x000004ec   0x0000021c   Code   RO           23    .text               eeprom.o
    0x00000708   0x00000708   0x00000484   Code   RO           83    .text               main.o
    0x00000b8c   0x00000b8c   0x00000378   Code   RO          247    .text               gpio.o
    0x00000f04   0x00000f04   0x00000290   Code   RO          308    .text               lcd.o
    0x00001194   0x00001194   0x0000006c   Code   RO          338    .text               leds.o
    0x00001200   0x00001200   0x0000004c   Code   RO          365    .text               switches.o
    0x0000124c   0x0000124c   0x0000010c   Code   RO          392    .text               timer.o
    0x00001358   0x00001358   0x00000d04   Code   RO          418    .text               uart.o
    0x0000205c   0x0000205c   0x0000003c   Code   RO          450  * .text               startup_lpc407x_8x_177x_8x.o
    0x00002098   0x00002098   0x00000634   Code   RO          459    .text               system_lpc407x_8x_177x_8x.o
    0x000026cc   0x000026cc   0x00000138   Code   RO          506    .text               c_w.l(__printf_flags_wp.o)
    0x00002804   0x00002804   0x00000012   Code   RO          516    .text               c_w.l(exit.o)
    0x00002816   0x00002816   0x00000006   Code   RO          518    .text               c_w.l(heapauxi.o)
    0x0000281c   0x0000281c   0x0000041e   Code   RO          539    .text               c_w.l(_printf_fp_dec.o)
    0x00002c3a   0x00002c3a   0x00000002   PAD
    0x00002c3c   0x00002c3c   0x00000030   Code   RO          541    .text               c_w.l(_printf_char_common.o)
    0x00002c6c   0x00002c6c   0x0000000a   Code   RO          543    .text               c_w.l(_sputc.o)
    0x00002c76   0x00002c76   0x00000002   PAD
    0x00002c78   0x00002c78   0x00000008   Code   RO          580    .text               c_w.l(rt_locale_intlibspace.o)
    0x00002c80   0x00002c80   0x0000008a   Code   RO          582    .text               c_w.l(lludiv10.o)
    0x00002d0a   0x00002d0a   0x00000002   PAD
    0x00002d0c   0x00002d0c   0x00000080   Code   RO          584    .text               c_w.l(_printf_fp_infnan.o)
    0x00002d8c   0x00002d8c   0x000000e4   Code   RO          588    .text               c_w.l(bigflt0.o)
    0x00002e70   0x00002e70   0x0000000c   Code   RO          620    .text               c_w.l(sys_exit.o)
    0x00002e7c   0x00002e7c   0x00000008   Code   RO          622    .text               c_w.l(libspace.o)
    0x00002e84   0x00002e84   0x0000004a   Code   RO          625    .text               c_w.l(sys_stackheap_outer.o)
    0x00002ece   0x00002ece   0x00000002   PAD
    0x00002ed0   0x00002ed0   0x00000080   Code   RO          627    .text               c_w.l(strcmpv7m.o)
    0x00002f50   0x00002f50   0x0000003e   Code   RO          591    CL$$btod_d2e        c_w.l(btod.o)
    0x00002f8e   0x00002f8e   0x00000046   Code   RO          593    CL$$btod_d2e_denorm_low  c_w.l(btod.o)
    0x00002fd4   0x00002fd4   0x00000060   Code   RO          592    CL$$btod_d2e_norm_op1  c_w.l(btod.o)
    0x00003034   0x00003034   0x00000338   Code   RO          601    CL$$btod_div_common  c_w.l(btod.o)
    0x0000336c   0x0000336c   0x000000dc   Code   RO          598    CL$$btod_e2e        c_w.l(btod.o)
    0x00003448   0x00003448   0x0000002a   Code   RO          595    CL$$btod_ediv       c_w.l(btod.o)
    0x00003472   0x00003472   0x0000002a   Code   RO          594    CL$$btod_emul       c_w.l(btod.o)
    0x0000349c   0x0000349c   0x00000244   Code   RO          600    CL$$btod_mult_common  c_w.l(btod.o)
    0x000036e0   0x000036e0   0x00000030   Code   RO          618    i.__ARM_fpclassify  m_wm.l(fpclassify.o)
    0x00003710   0x00003710   0x0000000e   Code   RO          504    i._is_digit         c_w.l(__printf_wp.o)
    0x0000371e   0x0000371e   0x00000002   PAD
    0x00003720   0x00003720   0x0000002c   Code   RO          614    locale$$code        c_w.l(lc_numeric_c.o)
    0x0000374c   0x0000374c   0x00000062   Code   RO          522    x$fpl$d2f           fz_wm.l(d2f.o)
    0x000037ae   0x000037ae   0x0000002e   Code   RO          525    x$fpl$dflt          fz_wm.l(dflt_clz.o)
    0x000037dc   0x000037dc   0x00000154   Code   RO          530    x$fpl$dmul          fz_wm.l(dmul.o)
    0x00003930   0x00003930   0x0000009c   Code   RO          546    x$fpl$dnaninf       fz_wm.l(dnaninf.o)
    0x000039cc   0x000039cc   0x0000000c   Code   RO          548    x$fpl$dretinf       fz_wm.l(dretinf.o)
    0x000039d8   0x000039d8   0x00000056   Code   RO          532    x$fpl$f2d           fz_wm.l(f2d.o)
    0x00003a2e   0x00003a2e   0x0000008c   Code   RO          550    x$fpl$fnaninf       fz_wm.l(fnaninf.o)
    0x00003aba   0x00003aba   0x0000000a   Code   RO          706    x$fpl$fpinit        fz_wm.l(fpinit.o)
    0x00003ac4   0x00003ac4   0x0000000a   Code   RO          552    x$fpl$fretinf       fz_wm.l(fretinf.o)
    0x00003ace   0x00003ace   0x00000004   Code   RO          534    x$fpl$printf1       fz_wm.l(printf1.o)
    0x00003ad2   0x00003ad2   0x00000011   Data   RO          507    .constdata          c_w.l(__printf_flags_wp.o)
    0x00003ae3   0x00003ae3   0x00000001   PAD
    0x00003ae4   0x00003ae4   0x00000094   Data   RO          589    .constdata          c_w.l(bigflt0.o)
    0x00003b78   0x00003b78   0x00000020   Data   RO          750    Region$$Table       anon$$obj.o
    0x00003b98   0x00003b98   0x0000001c   Data   RO          613    locale$$data        c_w.l(lc_numeric_c.o)


    Execution Region ER_RW (Exec base: 0x10000000, Load base: 0x00003bb4, Size: 0x000000e0, Max: 0xffffffff, ABSOLUTE)

    Exec Addr    Load Addr    Size         Type   Attr      Idx    E Section Name        Object

    0x10000000   0x00003bb4   0x000000a0   Data   RW            2    .data               decode.o
    0x100000a0   0x00003c54   0x00000014   Data   RW           85    .data               main.o
    0x100000b4   0x00003c68   0x00000010   Data   RW          248    .data               gpio.o
    0x100000c4   0x00003c78   0x00000001   Data   RW          309    .data               lcd.o
    0x100000c5   0x00003c79   0x00000003   PAD
    0x100000c8   0x00003c7c   0x00000004   Data   RW          393    .data               timer.o
    0x100000cc   0x00003c80   0x00000004   Data   RW          420    .data               uart.o
    0x100000d0   0x00003c84   0x00000010   Data   RW          460    .data               system_lpc407x_8x_177x_8x.o


    Execution Region ER_ZI (Exec base: 0x100000e0, Load base: 0x00003c94, Size: 0x00000fd8, Max: 0xffffffff, ABSOLUTE)

    Exec Addr    Load Addr    Size         Type   Attr      Idx    E Section Name        Object

    0x100000e0        -       0x00000811   Zero   RW           84    .bss                main.o
    0x100008f1   0x00003c94   0x00000003   PAD
    0x100008f4        -       0x00000360   Zero   RW          419    .bss                uart.o
    0x10000c54        -       0x00000060   Zero   RW          623    .bss                c_w.l(libspace.o)
    0x10000cb4   0x00003c94   0x00000004   PAD
    0x10000cb8        -       0x00000000   Zero   RW          447    HEAP                startup_lpc407x_8x_177x_8x.o
    0x10000cb8        -       0x00000400   Zero   RW          446    STACK               startup_lpc407x_8x_177x_8x.o


==============================================================================

Image component sizes


      Code (inc. data)   RO Data    RW Data    ZI Data      Debug   Object Name

       208         20          0          0          0       1558   adc.o
       492         24          0        160          0       4928   decode.o
       100         10          0          0          0       1216   delay.o
       540         20          0          0          0      30572   eeprom.o
       888         54          0         16          0      34598   gpio.o
       656         10          0          1          0       3093   lcd.o
       108          4          0          0          0        753   leds.o
      1156        126          0         20       2065       3521   main.o
        64         26        228          0       1024       1136   startup_lpc407x_8x_177x_8x.o
        76          4          0          0          0        719   switches.o
      1588         96          0         16          0       7183   system_lpc407x_8x_177x_8x.o
       268         20          0          4          0       2365   timer.o
      3332        310          0          4        864       5396   uart.o

    ----------------------------------------------------------------------
      9476        724        260        224       3956      97038   Object Totals
         0          0         32          0          0          0   (incl. Generated)
         0          0          0          3          3          0   (incl. Padding)

    ----------------------------------------------------------------------

      Code (inc. data)   RO Data    RW Data    ZI Data      Debug   Library Member Name

         8          0          0          0          0         68   __main.o
       312          4         17          0          0         92   __printf_flags_wp.o
        14          0          0          0          0         68   __printf_wp.o
         0          0          0          0          0          0   __rtentry.o
        12          0          0          0          0          0   __rtentry2.o
         6          0          0          0          0          0   __rtentry4.o
        52          8          0          0          0          0   __scatter.o
        26          0          0          0          0          0   __scatter_copy.o
        28          0          0          0          0          0   __scatter_zi.o
        48          6          0          0          0         96   _printf_char_common.o
         6          0          0          0          0          0   _printf_f.o
      1054          0          0          0          0        216   _printf_fp_dec.o
       128         16          0          0          0         84   _printf_fp_infnan.o
         0          0          0          0          0          0   _printf_percent.o
         4          0          0          0          0          0   _printf_percent_end.o
        10          0          0          0          0         68   _sputc.o
       228          4        148          0          0         96   bigflt0.o
      1936        128          0          0          0        672   btod.o
        18          0          0          0          0         80   exit.o
         6          0          0          0          0        152   heapauxi.o
         0          0          0          0          0          0   indicate_semi.o
        44         10         28          0          0         76   lc_numeric_c.o
         2          0          0          0          0          0   libinit.o
        22          0          0          0          0          0   libinit2.o
         2          0          0          0          0          0   libshutdown.o
         2          0          0          0          0          0   libshutdown2.o
         8          4          0          0         96         68   libspace.o
       138          0          0          0          0         80   lludiv10.o
        40          6          0          0          0         84   noretval__2sprintf.o
         8          4          0          0          0         68   rt_locale_intlibspace.o
         2          0          0          0          0          0   rtexit.o
        10          0          0          0          0          0   rtexit2.o
       128          0          0          0          0         68   strcmpv7m.o
        12          4          0          0          0         68   sys_exit.o
        74          0          0          0          0         80   sys_stackheap_outer.o
         2          0          0          0          0         68   use_no_semi.o
        98          4          0          0          0        140   d2f.o
        46          0          0          0          0        116   dflt_clz.o
       340         12          0          0          0        152   dmul.o
       156          4          0          0          0        140   dnaninf.o
        12          0          0          0          0        116   dretinf.o
        86          4          0          0          0        132   f2d.o
       140          4          0          0          0        132   fnaninf.o
        10          0          0          0          0        116   fpinit.o
        10          0          0          0          0        116   fretinf.o
         4          0          0          0          0        116   printf1.o
         0          0          0          0          0          0   usenofp.o
        48          0          0          0          0        124   fpclassify.o

    ----------------------------------------------------------------------
      5354        222        194          0        100       3752   Library Totals
        14          0          1          0          4          0   (incl. Padding)

    ----------------------------------------------------------------------

      Code (inc. data)   RO Data    RW Data    ZI Data      Debug   Library Name

      4390        194        193          0         96       2352   c_w.l
       902         28          0          0          0       1276   fz_wm.l
        48          0          0          0          0        124   m_wm.l

    ----------------------------------------------------------------------
      5354        222        194          0        100       3752   Library Totals

    ----------------------------------------------------------------------

==============================================================================


      Code (inc. data)   RO Data    RW Data    ZI Data      Debug   

     14830        946        454        224       4056      96742   Grand Totals
     14830        946        454        224       4056      96742   ELF Image Totals
     14830        946        454        224          0          0   ROM Totals

==============================================================================

    Total RO  Size (Code + RO Data)                15284 (  14.93kB)
    Total RW  Size (RW Data + ZI Data)              4280 (   4.18kB)
    Total ROM Size (Code + RO Data + RW Data)      15508 (  15.14kB)

==============================================================================

